Product: MDK-ARM Professional 5.10
Component: ARM Compiler 5.04 update 1 (build 49)
Tool: armlink [5040049]

==============================================================================

Section Cross References

    startup_stm32f40_41xxx.o(STACK) refers (Special) to heapauxi.o(.text) for __use_two_region_memory
    startup_stm32f40_41xxx.o(HEAP) refers (Special) to heapauxi.o(.text) for __use_two_region_memory
    startup_stm32f40_41xxx.o(RESET) refers (Special) to heapauxi.o(.text) for __use_two_region_memory
    startup_stm32f40_41xxx.o(RESET) refers to startup_stm32f40_41xxx.o(STACK) for __initial_sp
    startup_stm32f40_41xxx.o(RESET) refers to startup_stm32f40_41xxx.o(.text) for Reset_Handler
    startup_stm32f40_41xxx.o(RESET) refers to usmart.o(i.TIM4_IRQHandler) for TIM4_IRQHandler
    startup_stm32f40_41xxx.o(RESET) refers to usart.o(i.USART1_IRQHandler) for USART1_IRQHandler
    startup_stm32f40_41xxx.o(RESET) refers to sdio_sdcard.o(i.SDIO_IRQHandler) for SDIO_IRQHandler
    startup_stm32f40_41xxx.o(RESET) refers to usbh_usr.o(i.OTG_FS_IRQHandler) for OTG_FS_IRQHandler
    startup_stm32f40_41xxx.o(.text) refers (Special) to heapauxi.o(.text) for __use_two_region_memory
    startup_stm32f40_41xxx.o(.text) refers to __main.o(!!!main) for __main
    startup_stm32f40_41xxx.o(.text) refers to startup_stm32f40_41xxx.o(HEAP) for Heap_Mem
    startup_stm32f40_41xxx.o(.text) refers to startup_stm32f40_41xxx.o(STACK) for Stack_Mem
    test.o(i.USH_User_App) refers to text.o(i.Show_Str) for Show_Str
    test.o(i.USH_User_App) refers to ff.o(i.f_mount) for f_mount
    test.o(i.USH_User_App) refers to exfuns.o(i.exf_getfree) for exf_getfree
    test.o(i.USH_User_App) refers to ili93xx.o(i.LCD_ShowString) for LCD_ShowString
    test.o(i.USH_User_App) refers to ili93xx.o(i.LCD_ShowNum) for LCD_ShowNum
    test.o(i.USH_User_App) refers to usb_hcd.o(i.HCD_IsDeviceConnected) for HCD_IsDeviceConnected
    test.o(i.USH_User_App) refers to delay.o(i.delay_ms) for delay_ms
    test.o(i.USH_User_App) refers to ili93xx.o(i.LCD_Fill) for LCD_Fill
    test.o(i.USH_User_App) refers to exfuns.o(.bss) for fs
    test.o(i.USH_User_App) refers to ili93xx.o(.data) for POINT_COLOR
    test.o(i.USH_User_App) refers to test.o(.bss) for USB_OTG_Core
    test.o(i.main) refers to sys.o(i.Stm32_Clock_Init) for Stm32_Clock_Init
    test.o(i.main) refers to delay.o(i.delay_init) for delay_init
    test.o(i.main) refers to usart.o(i.uart_init) for uart_init
    test.o(i.main) refers to led.o(i.LED_Init) for LED_Init
    test.o(i.main) refers to key.o(i.KEY_Init) for KEY_Init
    test.o(i.main) refers to ili93xx.o(i.LCD_Init) for LCD_Init
    test.o(i.main) refers to w25qxx.o(i.W25QXX_Init) for W25QXX_Init
    test.o(i.main) refers to malloc.o(i.my_mem_init) for my_mem_init
    test.o(i.main) refers to exfuns.o(i.exfuns_init) for exfuns_init
    test.o(i.main) refers to piclib.o(i.piclib_init) for piclib_init
    test.o(i.main) refers to ff.o(i.f_mount) for f_mount
    test.o(i.main) refers to ili93xx.o(i.LCD_ShowString) for LCD_ShowString
    test.o(i.main) refers to delay.o(i.delay_ms) for delay_ms
    test.o(i.main) refers to ili93xx.o(i.LCD_Fill) for LCD_Fill
    test.o(i.main) refers to fontupd.o(i.font_init) for font_init
    test.o(i.main) refers to text.o(i.Show_Str) for Show_Str
    test.o(i.main) refers to usbh_core.o(i.USBH_Init) for USBH_Init
    test.o(i.main) refers to noretval__2printf.o(.text) for __2printf
    test.o(i.main) refers to usbh_core.o(i.USBH_Process) for USBH_Process
    test.o(i.main) refers to usmart_config.o(.data) for usmart_dev
    test.o(i.main) refers to exfuns.o(.bss) for fs
    test.o(i.main) refers to ili93xx.o(.data) for POINT_COLOR
    test.o(i.main) refers to usbh_usr.o(.data) for USR_Callbacks
    test.o(i.main) refers to usbh_msc_core.o(.data) for USBH_MSC_cb
    test.o(i.main) refers to test.o(.bss) for USB_Host
    test.o(i.main) refers to usbusr.o(.data) for config_finish
    delay.o(i.delay_init) refers to delay.o(.data) for fac_us
    delay.o(i.delay_ms) refers to delay.o(i.delay_xms) for delay_xms
    delay.o(i.delay_us) refers to delay.o(.data) for fac_us
    delay.o(i.delay_xms) refers to delay.o(.data) for fac_ms
    sys.o(i.MY_NVIC_Init) refers to sys.o(i.MY_NVIC_PriorityGroupConfig) for MY_NVIC_PriorityGroupConfig
    sys.o(i.Stm32_Clock_Init) refers to sys.o(i.Sys_Clock_Set) for Sys_Clock_Set
    sys.o(i.Stm32_Clock_Init) refers to sys.o(i.MY_NVIC_SetVectorTable) for MY_NVIC_SetVectorTable
    sys.o(i.Sys_Standby) refers to sys.o(.emb_text) for WFI_SET
    usart.o(.rev16_text) refers (Special) to use_no_semi_2.o(.text) for __use_no_semihosting
    usart.o(.revsh_text) refers (Special) to use_no_semi_2.o(.text) for __use_no_semihosting
    usart.o(i.USART1_IRQHandler) refers (Special) to use_no_semi_2.o(.text) for __use_no_semihosting
    usart.o(i.USART1_IRQHandler) refers to usart.o(.data) for USART_RX_STA
[...]
    SD_ReadMultiBlocks                       0x08006b35   Thumb Code   670  sdio_sdcard.o(i.SD_ReadMultiBlocks)
    SD_SelectDeselect                        0x08006df9   Thumb Code    22  sdio_sdcard.o(i.SD_SelectDeselect)
    SD_SetDeviceMode                         0x08006e11   Thumb Code    20  sdio_sdcard.o(i.SD_SetDeviceMode)
    SD_WriteBlock                            0x08006e29   Thumb Code   804  sdio_sdcard.o(i.SD_WriteBlock)
    SD_WriteDisk                             0x0800716d   Thumb Code   152  sdio_sdcard.o(i.SD_WriteDisk)
    SD_WriteMultiBlocks                      0x0800720d   Thumb Code   858  sdio_sdcard.o(i.SD_WriteMultiBlocks)
    SPI1_Init                                0x08007589   Thumb Code   164  spi.o(i.SPI1_Init)
    SPI1_ReadWriteByte                       0x08007639   Thumb Code    42  spi.o(i.SPI1_ReadWriteByte)
    SPI1_SetSpeed                            0x08007669   Thumb Code    40  spi.o(i.SPI1_SetSpeed)
    Show_Font                                0x08007695   Thumb Code   190  text.o(i.Show_Font)
    Show_Str                                 0x0800775d   Thumb Code   194  text.o(i.Show_Str)
    Stm32_Clock_Init                         0x08007821   Thumb Code    90  sys.o(i.Stm32_Clock_Init)
    Sys_Clock_Set                            0x08007889   Thumb Code   254  sys.o(i.Sys_Clock_Set)
    TIM4_IRQHandler                          0x08007995   Thumb Code    50  usmart.o(i.TIM4_IRQHandler)
    Timer4_Init                              0x080079d1   Thumb Code    72  usmart.o(i.Timer4_Init)
    USART1_IRQHandler                        0x08007a21   Thumb Code   116  usart.o(i.USART1_IRQHandler)
    USBH_Alloc_Channel                       0x08007aa1   Thumb Code    38  usbh_hcs.o(i.USBH_Alloc_Channel)
    USBH_BulkReceiveData                     0x08007ac7   Thumb Code    96  usbh_ioreq.o(i.USBH_BulkReceiveData)
    USBH_BulkSendData                        0x08007b27   Thumb Code    94  usbh_ioreq.o(i.USBH_BulkSendData)
    USBH_ClrFeature                          0x08007b85   Thumb Code    76  usbh_stdreq.o(i.USBH_ClrFeature)
    USBH_Connected                           0x08007bd1   Thumb Code    12  usbh_core.o(i.USBH_Connected)
    USBH_CtlReceiveData                      0x08007bdd   Thumb Code    70  usbh_ioreq.o(i.USBH_CtlReceiveData)
    USBH_CtlReq                              0x08007c23   Thumb Code   100  usbh_ioreq.o(i.USBH_CtlReq)
    USBH_CtlSendData                         0x08007c87   Thumb Code   110  usbh_ioreq.o(i.USBH_CtlSendData)
    USBH_CtlSendSetup                        0x08007cf5   Thumb Code    66  usbh_ioreq.o(i.USBH_CtlSendSetup)
    USBH_DeAllocate_AllChannel               0x08007d37   Thumb Code    28  usbh_hcs.o(i.USBH_DeAllocate_AllChannel)
    USBH_DeInit                              0x08007d53   Thumb Code    58  usbh_core.o(i.USBH_DeInit)
    USBH_Disconnected                        0x08007d8d   Thumb Code    12  usbh_core.o(i.USBH_Disconnected)
    USBH_ErrorHandle                         0x08007d99   Thumb Code    46  usbh_core.o(i.USBH_ErrorHandle)
    USBH_Free_Channel                        0x08007dc7   Thumb Code    30  usbh_hcs.o(i.USBH_Free_Channel)
    USBH_GetDescriptor                       0x08007de5   Thumb Code    68  usbh_stdreq.o(i.USBH_GetDescriptor)
    USBH_GetNextDesc                         0x08007e51   Thumb Code    18  usbh_stdreq.o(i.USBH_GetNextDesc)
    USBH_Get_CfgDesc                         0x08007e65   Thumb Code    88  usbh_stdreq.o(i.USBH_Get_CfgDesc)
    USBH_Get_DevDesc                         0x08007ec1   Thumb Code    56  usbh_stdreq.o(i.USBH_Get_DevDesc)
    USBH_Get_StringDesc                      0x08007ef9   Thumb Code    60  usbh_stdreq.o(i.USBH_Get_StringDesc)
    USBH_HandleControl                       0x08007f35   Thumb Code   544  usbh_core.o(i.USBH_HandleControl)
    USBH_Init                                0x08008399   Thumb Code    68  usbh_core.o(i.USBH_Init)
    USBH_MSC_BOT_Abort                       0x08008401   Thumb Code    86  usbh_msc_bot.o(i.USBH_MSC_BOT_Abort)
    USBH_MSC_DecodeCSW                       0x08008475   Thumb Code   108  usbh_msc_bot.o(i.USBH_MSC_DecodeCSW)
    USBH_MSC_ErrorHandle                     0x080084f5   Thumb Code    58  usbh_msc_core.o(i.USBH_MSC_ErrorHandle)
    USBH_MSC_HandleBOTXfer                   0x08008789   Thumb Code   812  usbh_msc_bot.o(i.USBH_MSC_HandleBOTXfer)
    USBH_MSC_Init                            0x08008ad9   Thumb Code    44  usbh_msc_bot.o(i.USBH_MSC_Init)
    USBH_MSC_ModeSense6                      0x08008e1d   Thumb Code   198  usbh_msc_scsi.o(i.USBH_MSC_ModeSense6)
    USBH_MSC_Read10                          0x08008f1d   Thumb Code   242  usbh_msc_scsi.o(i.USBH_MSC_Read10)
    USBH_MSC_ReadCapacity10                  0x0800901d   Thumb Code   202  usbh_msc_scsi.o(i.USBH_MSC_ReadCapacity10)
    USBH_MSC_RequestSense                    0x080090f9   Thumb Code   208  usbh_msc_scsi.o(i.USBH_MSC_RequestSense)
    USBH_MSC_TestUnitReady                   0x080091d9   Thumb Code   162  usbh_msc_scsi.o(i.USBH_MSC_TestUnitReady)
    USBH_MSC_Write10                         0x08009289   Thumb Code   218  usbh_msc_scsi.o(i.USBH_MSC_Write10)
    USBH_Modify_Channel                      0x0800936d   Thumb Code   100  usbh_hcs.o(i.USBH_Modify_Channel)
    USBH_OTG_ISR_Handler                     0x080093d1   Thumb Code   168  usb_hcd_int.o(i.USBH_OTG_ISR_Handler)
    USBH_Open_Channel                        0x08009479   Thumb Code   154  usbh_hcs.o(i.USBH_Open_Channel)
    USBH_Process                             0x08009705   Thumb Code   408  usbh_core.o(i.USBH_Process)
    USBH_SOF                                 0x0800989d   Thumb Code     6  usbh_core.o(i.USBH_SOF)
    USBH_SetAddress                          0x080098a3   Thumb Code    38  usbh_stdreq.o(i.USBH_SetAddress)
    USBH_SetCfg                              0x080098c9   Thumb Code    38  usbh_stdreq.o(i.USBH_SetCfg)
    USBH_UDISK_Read                          0x08009909   Thumb Code    82  usbh_usr.o(i.USBH_UDISK_Read)
    USBH_UDISK_Status                        0x08009969   Thumb Code    12  usbh_usr.o(i.USBH_UDISK_Status)
    USBH_UDISK_Write                         0x08009979   Thumb Code    82  usbh_usr.o(i.USBH_UDISK_Write)
    USBH_USR_Configuration_DescAvailable     0x080099d9   Thumb Code    56  usbh_usr.o(i.USBH_USR_Configuration_DescAvailable)
    USBH_USR_DeInit                          0x08009a41   Thumb Code     8  usbh_usr.o(i.USBH_USR_DeInit)
    USBH_USR_DeviceAddressAssigned           0x08009a4d   Thumb Code    10  usbh_usr.o(i.USBH_USR_DeviceAddressAssigned)
    USBH_USR_DeviceAttached                  0x08009a6d   Thumb Code    16  usbh_usr.o(i.USBH_USR_DeviceAttached)
    USBH_USR_DeviceDisconnected              0x08009a99   Thumb Code    16  usbh_usr.o(i.USBH_USR_DeviceDisconnected)
    USBH_USR_DeviceNotSupported              0x08009abd   Thumb Code    10  usbh_usr.o(i.USBH_USR_DeviceNotSupported)
    USBH_USR_DeviceSpeedDetected             0x08009ae1   Thumb Code    46  usbh_usr.o(i.USBH_USR_DeviceSpeedDetected)
    USBH_USR_Device_DescAvailable            0x08009b59   Thumb Code    24  usbh_usr.o(i.USBH_USR_Device_DescAvailable)
    USBH_USR_EnumerationDone                 0x08009b91   Thumb Code    10  usbh_usr.o(i.USBH_USR_EnumerationDone)
    USBH_USR_Init                            0x08009bb1   Thumb Code    22  usbh_usr.o(i.USBH_USR_Init)
    USBH_USR_MSC_Application                 0x08009c21   Thumb Code    56  usbh_usr.o(i.USBH_USR_MSC_Application)
    USBH_USR_Manufacturer_String             0x08009c75   Thumb Code    14  usbh_usr.o(i.USBH_USR_Manufacturer_String)
    USBH_USR_OverCurrentDetected             0x08009c99   Thumb Code    10  usbh_usr.o(i.USBH_USR_OverCurrentDetected)
    USBH_USR_Product_String                  0x08009cb9   Thumb Code    14  usbh_usr.o(i.USBH_USR_Product_String)
    USBH_USR_ResetDevice                     0x08009cd9   Thumb Code    10  usbh_usr.o(i.USBH_USR_ResetDevice)
    USBH_USR_SerialNum_String                0x08009cf5   Thumb Code    14  usbh_usr.o(i.USBH_USR_SerialNum_String)
    USBH_USR_UnrecoveredError                0x08009d19   Thumb Code    10  usbh_usr.o(i.USBH_USR_UnrecoveredError)
    USBH_USR_UserInput                       0x08009d3d   Thumb Code    12  usbh_usr.o(i.USBH_USR_UserInput)
    USB_OTG_BSP_ConfigVBUS                   0x08009d5d   Thumb Code     2  usb_bsp.o(i.USB_OTG_BSP_ConfigVBUS)
    USB_OTG_BSP_DriveVBUS                    0x08009d5f   Thumb Code     2  usb_bsp.o(i.USB_OTG_BSP_DriveVBUS)
    USB_OTG_BSP_EnableInterrupt              0x08009d61   Thumb Code    18  usb_bsp.o(i.USB_OTG_BSP_EnableInterrupt)
    USB_OTG_BSP_Init                         0x08009d75   Thumb Code    96  usb_bsp.o(i.USB_OTG_BSP_Init)
    USB_OTG_BSP_mDelay                       0x08009de1   Thumb Code    12  usb_bsp.o(i.USB_OTG_BSP_mDelay)
    USB_OTG_BSP_uDelay                       0x08009ded   Thumb Code    12  usb_bsp.o(i.USB_OTG_BSP_uDelay)
    USB_OTG_CoreInit                         0x08009df9   Thumb Code   294  usb_core.o(i.USB_OTG_CoreInit)
    USB_OTG_CoreInitHost                     0x08009f1f   Thumb Code   214  usb_core.o(i.USB_OTG_CoreInitHost)
    USB_OTG_DisableGlobalInt                 0x0800a065   Thumb Code    34  usb_core.o(i.USB_OTG_DisableGlobalInt)
    USB_OTG_DriveVbus                        0x0800a087   Thumb Code    92  usb_core.o(i.USB_OTG_DriveVbus)
    USB_OTG_EnableGlobalInt                  0x0800a117   Thumb Code    34  usb_core.o(i.USB_OTG_EnableGlobalInt)
    USB_OTG_EnableHostInt                    0x0800a139   Thumb Code   116  usb_core.o(i.USB_OTG_EnableHostInt)
    USB_OTG_FlushRxFifo                      0x0800a1ad   Thumb Code    70  usb_core.o(i.USB_OTG_FlushRxFifo)
    USB_OTG_FlushTxFifo                      0x0800a1f9   Thumb Code    80  usb_core.o(i.USB_OTG_FlushTxFifo)
    USB_OTG_GetMode                          0x0800a24d   Thumb Code    12  usb_core.o(i.USB_OTG_GetMode)
    USB_OTG_HC_DoPing                        0x0800a259   Thumb Code    90  usb_core.o(i.USB_OTG_HC_DoPing)
    USB_OTG_HC_Halt                          0x0800a2b3   Thumb Code   130  usb_core.o(i.USB_OTG_HC_Halt)
    USB_OTG_HC_Init                          0x0800a335   Thumb Code   568  usb_core.o(i.USB_OTG_HC_Init)
    USB_OTG_HC_StartXfer                     0x0800a56d   Thumb Code   502  usb_core.o(i.USB_OTG_HC_StartXfer)
    USB_OTG_InitFSLSPClkSel                  0x0800a763   Thumb Code    24  usb_core.o(i.USB_OTG_InitFSLSPClkSel)
    USB_OTG_IsEvenFrame                      0x0800a77b   Thumb Code    16  usb_core.o(i.USB_OTG_IsEvenFrame)
    USB_OTG_IsHostMode                       0x0800a78b   Thumb Code    20  usb_core.o(i.USB_OTG_IsHostMode)
    USB_OTG_ReadCoreItr                      0x0800a79f   Thumb Code    16  usb_core.o(i.USB_OTG_ReadCoreItr)
    USB_OTG_ReadHPRT0                        0x0800a7af   Thumb Code    48  usb_core.o(i.USB_OTG_ReadHPRT0)
    USB_OTG_ReadHostAllChannels_intr         0x0800a7df   Thumb Code     8  usb_core.o(i.USB_OTG_ReadHostAllChannels_intr)
    USB_OTG_ReadPacket                       0x0800a7e7   Thumb Code    40  usb_core.o(i.USB_OTG_ReadPacket)
    USB_OTG_ResetPort                        0x0800a80f   Thumb Code    64  usb_core.o(i.USB_OTG_ResetPort)
    USB_OTG_SelectCore                       0x0800a851   Thumb Code   204  usb_core.o(i.USB_OTG_SelectCore)
    USB_OTG_SetCurrentMode                   0x0800a921   Thumb Code    78  usb_core.o(i.USB_OTG_SetCurrentMode)
    USB_OTG_WritePacket                      0x0800b755   Thumb Code    64  usb_core.o(i.USB_OTG_WritePacket)
    USH_User_App                             0x0800b795   Thumb Code   272  test.o(i.USH_User_App)
    W25QXX_Erase_Sector                      0x0800b91d   Thumb Code    70  w25qxx.o(i.W25QXX_Erase_Sector)
    W25QXX_Init                              0x0800b975   Thumb Code   106  w25qxx.o(i.W25QXX_Init)
    W25QXX_Read                              0x0800b9f5   Thumb Code    74  w25qxx.o(i.W25QXX_Read)
    W25QXX_ReadID                            0x0800ba45   Thumb Code    64  w25qxx.o(i.W25QXX_ReadID)
    W25QXX_ReadSR                            0x0800ba8d   Thumb Code    36  w25qxx.o(i.W25QXX_ReadSR)
    W25QXX_Wait_Busy                         0x0800bab9   Thumb Code    18  w25qxx.o(i.W25QXX_Wait_Busy)
    W25QXX_Write                             0x0800bacd   Thumb Code   180  w25qxx.o(i.W25QXX_Write)
    W25QXX_Write_Enable                      0x0800bb85   Thumb Code    24  w25qxx.o(i.W25QXX_Write_Enable)
    W25QXX_Write_NoCheck                     0x0800bba5   Thumb Code    70  w25qxx.o(i.W25QXX_Write_NoCheck)
    W25QXX_Write_Page                        0x0800bbed   Thumb Code    80  w25qxx.o(i.W25QXX_Write_Page)
    _is_digit                                0x0800bc41   Thumb Code    14  __printf_wp.o(i._is_digit)
    _sys_exit                                0x0800bc4f   Thumb Code     6  usart.o(i._sys_exit)
    ai_draw_init                             0x0800bc55   Thumb Code   216  piclib.o(i.ai_draw_init)
    ai_load_picfile                          0x0800bd35   Thumb Code   194  piclib.o(i.ai_load_picfile)
    char_upper                               0x0800c15d   Thumb Code    26  exfuns.o(i.char_upper)
    clust2sect                               0x0800c24f   Thumb Code    26  ff.o(i.clust2sect)
    convert_from_bytes_to_power_of_two       0x0800c2f9   Thumb Code    18  sdio_sdcard.o(i.convert_from_bytes_to_power_of_two)
    delay_init                               0x0800c7f9   Thumb Code    56  delay.o(i.delay_init)
    delay_ms                                 0x0800c839   Thumb Code    56  delay.o(i.delay_ms)
    delay_us                                 0x0800c871   Thumb Code    62  delay.o(i.delay_us)
    delay_xms                                0x0800c8b5   Thumb Code    56  delay.o(i.delay_xms)
    dir_sdi                                  0x0800cd9f   Thumb Code   158  ff.o(i.dir_sdi)
    disk_initialize                          0x0800ce3d   Thumb Code    70  diskio.o(i.disk_initialize)
    disk_ioctl                               0x0800ce89   Thumb Code   240  diskio.o(i.disk_ioctl)
    disk_read                                0x0800cf85   Thumb Code   140  diskio.o(i.disk_read)
    disk_status                              0x0800d011   Thumb Code     6  diskio.o(i.disk_status)
    disk_write                               0x0800d017   Thumb Code   140  diskio.o(i.disk_write)
    exf_getfree                              0x0800d0a3   Thumb Code    74  exfuns.o(i.exf_getfree)
    exfuns_init                              0x0800d0ed   Thumb Code   114  exfuns.o(i.exfuns_init)
    f_close                                  0x0800d171   Thumb Code    36  ff.o(i.f_close)
    f_closedir                               0x0800d195   Thumb Code    22  ff.o(i.f_closedir)
    f_getfree                                0x0800d1ab   Thumb Code   258  ff.o(i.f_getfree)
    f_getlabel                               0x0800d2ad   Thumb Code   190  ff.o(i.f_getlabel)
    f_gets                                   0x0800d36b   Thumb Code    82  ff.o(i.f_gets)
    f_lseek                                  0x0800d3bd   Thumb Code   654  ff.o(i.f_lseek)
    f_mkdir                                  0x0800d64b   Thumb Code   380  ff.o(i.f_mkdir)
    f_mkfs                                   0x0800d7c9   Thumb Code  1594  ff.o(i.f_mkfs)
    f_mount                                  0x0800de09   Thumb Code    86  ff.o(i.f_mount)
    f_open                                   0x0800de65   Thumb Code   384  ff.o(i.f_open)
    f_opendir                                0x0800dfe5   Thumb Code   136  ff.o(i.f_opendir)
    f_putc                                   0x0800e06d   Thumb Code    64  ff.o(i.f_putc)
    f_puts                                   0x0800e0ad   Thumb Code    74  ff.o(i.f_puts)
    f_read                                   0x0800e0f7   Thumb Code   432  ff.o(i.f_read)
    f_readdir                                0x0800e2a7   Thumb Code   114  ff.o(i.f_readdir)
    f_rename                                 0x0800e319   Thumb Code   314  ff.o(i.f_rename)
    f_setlabel                               0x0800e455   Thumb Code   470  ff.o(i.f_setlabel)
    f_sync                                   0x0800e63d   Thumb Code   176  ff.o(i.f_sync)
    f_typetell                               0x0800e6ed   Thumb Code   172  exfuns.o(i.f_typetell)
    f_unlink                                 0x0800e79d   Thumb Code   194  ff.o(i.f_unlink)
    f_write                                  0x0800e85f   Thumb Code   490  ff.o(i.f_write)
    ff_convert                               0x0800ea49   Thumb Code   146  mycc936.o(i.ff_convert)
    ff_memalloc                              0x0800eae1   Thumb Code    14  diskio.o(i.ff_memalloc)
    ff_memfree                               0x0800eaef   Thumb Code    14  diskio.o(i.ff_memfree)
    ff_wtoupper                              0x0800eafd   Thumb Code    46  mycc936.o(i.ff_wtoupper)
    font_init                                0x0800efcd   Thumb Code    64  fontupd.o(i.font_init)
    fputc                                    0x0800f011   Thumb Code    22  usart.o(i.fputc)
    get_fat                                  0x0800f0f5   Thumb Code   232  ff.o(i.get_fat)
    get_fattime                              0x0800f1dd   Thumb Code     4  diskio.o(i.get_fattime)
    gif_check_head                           0x0800f337   Thumb Code    88  gif.o(i.gif_check_head)
    gif_clear2bkcolor                        0x0800f391   Thumb Code   496  gif.o(i.gif_clear2bkcolor)
    gif_decode                               0x0800f585   Thumb Code   296  gif.o(i.gif_decode)
    gif_dispimage                            0x0800f6b1   Thumb Code   538  gif.o(i.gif_dispimage)
    gif_drawimage                            0x0800f8d9   Thumb Code   340  gif.o(i.gif_drawimage)
    gif_getdatablock                         0x0800fa2d   Thumb Code    96  gif.o(i.gif_getdatablock)
    gif_getinfo                              0x0800fa8d   Thumb Code    70  gif.o(i.gif_getinfo)
    gif_getnextbyte                          0x0800fad3   Thumb Code   856  gif.o(i.gif_getnextbyte)
    gif_getnextcode                          0x0800fe2d   Thumb Code   452  gif.o(i.gif_getnextcode)
    gif_getrgb565                            0x0800fff5   Thumb Code    28  gif.o(i.gif_getrgb565)
    gif_initlzw                              0x08010011   Thumb Code   152  gif.o(i.gif_initlzw)
    gif_readcolortbl                         0x080100a9   Thumb Code    64  gif.o(i.gif_readcolortbl)
    gif_readextension                        0x080100e9   Thumb Code   160  gif.o(i.gif_readextension)
    gif_recovergctbl                         0x08010189   Thumb Code    38  gif.o(i.gif_recovergctbl)
    gif_savegctbl                            0x080101af   Thumb Code    38  gif.o(i.gif_savegctbl)
    is_element_ok                            0x08010295   Thumb Code    36  piclib.o(i.is_element_ok)
    jd_decomp                                0x080102bd   Thumb Code   162  tjpgd.o(i.jd_decomp)
    jd_prepare                               0x0801035f   Thumb Code   924  tjpgd.o(i.jd_prepare)
    jpeg_freeall                             0x080106fd   Thumb Code    28  tjpgd.o(i.jpeg_freeall)
    jpeg_in_func                             0x08010725   Thumb Code    48  tjpgd.o(i.jpeg_in_func)
    jpeg_mallocall                           0x08010755   Thumb Code    70  tjpgd.o(i.jpeg_mallocall)
    jpeg_out_func_fill                       0x080107a9   Thumb Code    74  tjpgd.o(i.jpeg_out_func_fill)
    jpeg_out_func_point                      0x080107fd   Thumb Code   182  tjpgd.o(i.jpeg_out_func_point)
    jpg_decode                               0x080108bd   Thumb Code   232  tjpgd.o(i.jpg_decode)
    main                                     0x080109e1   Thumb Code   388  test.o(i.main)
    md_send                                  0x08011185   Thumb Code   110  usbh_usr.o(i.md_send)
    mf_close                                 0x080112a5   Thumb Code    14  fattester.o(i.mf_close)
    mf_closedir                              0x080112b9   Thumb Code    10  fattester.o(i.mf_closedir)
    mf_fmkfs                                 0x080112c9   Thumb Code    20  fattester.o(i.mf_fmkfs)
    mf_getlabel                              0x080112dd   Thumb Code    58  fattester.o(i.mf_getlabel)
    mf_gets                                  0x08011361   Thumb Code    38  fattester.o(i.mf_gets)
    mf_lseek                                 0x080113ad   Thumb Code    16  fattester.o(i.mf_lseek)
    mf_mkdir                                 0x080113c1   Thumb Code    12  fattester.o(i.mf_mkdir)
    mf_mount                                 0x080113cd   Thumb Code    20  fattester.o(i.mf_mount)
    mf_open                                  0x080113e5   Thumb Code    24  fattester.o(i.mf_open)
    mf_opendir                               0x08011401   Thumb Code    14  fattester.o(i.mf_opendir)
    mf_putc                                  0x08011415   Thumb Code    18  fattester.o(i.mf_putc)
    mf_puts                                  0x0801142d   Thumb Code    18  fattester.o(i.mf_puts)
    mf_read                                  0x08011445   Thumb Code   224  fattester.o(i.mf_read)
    mf_readdir                               0x0801159d   Thumb Code   204  fattester.o(i.mf_readdir)
    mf_rename                                0x08011731   Thumb Code    16  fattester.o(i.mf_rename)
    mf_scan_files                            0x08011741   Thumb Code   120  fattester.o(i.mf_scan_files)
    mf_setlabel                              0x080117d1   Thumb Code    34  fattester.o(i.mf_setlabel)
    mf_showfree                              0x0801182d   Thumb Code    88  fattester.o(i.mf_showfree)
    mf_size                                  0x080118d5   Thumb Code     8  fattester.o(i.mf_size)
    mf_tell                                  0x080118e1   Thumb Code     8  fattester.o(i.mf_tell)
    mf_unlink                                0x080118ed   Thumb Code    12  fattester.o(i.mf_unlink)
    mf_write                                 0x080118f9   Thumb Code    68  fattester.o(i.mf_write)
    minibmp_decode                           0x080119b1   Thumb Code   966  bmp.o(i.minibmp_decode)
    my_mem_free                              0x08011db5   Thumb Code    96  malloc.o(i.my_mem_free)
    my_mem_init                              0x08011e21   Thumb Code    54  malloc.o(i.my_mem_init)
    my_mem_malloc                            0x08011e65   Thumb Code   156  malloc.o(i.my_mem_malloc)
    my_mem_perused                           0x08011f0d   Thumb Code    54  malloc.o(i.my_mem_perused)
    myfree                                   0x08011f4d   Thumb Code    30  malloc.o(i.myfree)
    mymalloc                                 0x08011f71   Thumb Code    34  malloc.o(i.mymalloc)
    mymemset                                 0x08011f99   Thumb Code    20  malloc.o(i.mymemset)
    opt_delay                                0x08011fad   Thumb Code    14  ili93xx.o(i.opt_delay)
    pic_memalloc                             0x08011fbb   Thumb Code    14  piclib.o(i.pic_memalloc)
    pic_memfree                              0x08011fc9   Thumb Code    14  piclib.o(i.pic_memfree)
    piclib_alpha_blend                       0x0801204d   Thumb Code    42  piclib.o(i.piclib_alpha_blend)
    piclib_draw_hline                        0x0801207d   Thumb Code    52  piclib.o(i.piclib_draw_hline)
    piclib_fill_color                        0x080120b5   Thumb Code    44  piclib.o(i.piclib_fill_color)
    piclib_init                              0x080120e1   Thumb Code    58  piclib.o(i.piclib_init)
    put_fat                                  0x0801213d   Thumb Code   310  ff.o(i.put_fat)
    read_addr                                0x080122b7   Thumb Code     6  usmart.o(i.read_addr)
    stdbmp_decode                            0x080123a9   Thumb Code   712  bmp.o(i.stdbmp_decode)
    uart_init                                0x080127ad   Thumb Code   240  usart.o(i.uart_init)
    usmart_cmd_rec                           0x080128ad   Thumb Code   170  usmart.o(i.usmart_cmd_rec)
    usmart_exe                               0x0801295d   Thumb Code   632  usmart.o(i.usmart_exe)
    usmart_get_aparm                         0x08012c31   Thumb Code   212  usmart_str.o(i.usmart_get_aparm)
    usmart_get_cmdname                       0x08012d05   Thumb Code    54  usmart_str.o(i.usmart_get_cmdname)
    usmart_get_fname                         0x08012d3d   Thumb Code   440  usmart_str.o(i.usmart_get_fname)
    usmart_get_fparam                        0x08012efd   Thumb Code   262  usmart_str.o(i.usmart_get_fparam)
    usmart_get_parmpos                       0x08013009   Thumb Code    26  usmart_str.o(i.usmart_get_parmpos)
    usmart_get_runtime                       0x08013029   Thumb Code    56  usmart.o(i.usmart_get_runtime)
    usmart_init                              0x08013069   Thumb Code    36  usmart.o(i.usmart_init)
    usmart_pow                               0x08013091   Thumb Code    22  usmart_str.o(i.usmart_pow)
    usmart_reset_runtime                     0x080130a9   Thumb Code    38  usmart.o(i.usmart_reset_runtime)
    usmart_scan                              0x080130d9   Thumb Code   120  usmart.o(i.usmart_scan)
    usmart_search_nextc                      0x08013195   Thumb Code    22  usmart_str.o(i.usmart_search_nextc)
    usmart_str2num                           0x080131ab   Thumb Code   262  usmart_str.o(i.usmart_str2num)
    usmart_strcmp                            0x080132b1   Thumb Code    34  usmart_str.o(i.usmart_strcmp)
    usmart_strcopy                           0x080132d3   Thumb Code    22  usmart_str.o(i.usmart_strcopy)
    usmart_strlen                            0x080132e9   Thumb Code    24  usmart_str.o(i.usmart_strlen)
    usmart_sys_cmd_exe                       0x08013301   Thumb Code  1570  usmart.o(i.usmart_sys_cmd_exe)
    write_addr                               0x08013a2b   Thumb Code     4  usmart.o(i.write_addr)
    _fp_init                                 0x08013a2f   Thumb Code    10  fpinit.o(x$fpl$fpinit)
    __fplib_config_fpu_vfp                   0x08013a37   Thumb Code     0  fpinit.o(x$fpl$fpinit)
    __fplib_config_pureend_doubles           0x08013a37   Thumb Code     0  fpinit.o(x$fpl$fpinit)
    asc2_1206                                0x08013a38   Data        1140  ili93xx.o(.constdata)
    asc2_1608                                0x08013eac   Data        1520  ili93xx.o(.constdata)
    asc2_2412                                0x0801449c   Data        3420  ili93xx.o(.constdata)
    memtblsize                               0x080151f8   Data          12  malloc.o(.constdata)
    memblksize                               0x08015204   Data          12  malloc.o(.constdata)
    memsize                                  0x08015210   Data          12  malloc.o(.constdata)
    FILE_TYPE_TBL                            0x08015258   Data         112  exfuns.o(.constdata)
    _aMaskTbl                                0x08015688   Data          32  gif.o(.constdata)
    _aInterlaceOffset                        0x080156a8   Data           4  gif.o(.constdata)
    _aInterlaceYPos                          0x080156ac   Data           4  gif.o(.constdata)
    Region$$Table$$Base                      0x08015f70   Number         0  anon$$obj.o(Region$$Table)
    Region$$Table$$Limit                     0x08015f90   Number         0  anon$$obj.o(Region$$Table)
    mem3base                                 0x10000000   Data       61440  malloc.o(.ARM.__AT_0x10000000)
    mem3mapbase                              0x1000f000   Data        3840  malloc.o(.ARM.__AT_0x1000F000)
    __stdout                                 0x20000004   Data           4  usart.o(.data)
    USART_RX_STA                             0x20000008   Data           2  usart.o(.data)
    POINT_COLOR                              0x2000000a   Data           2  ili93xx.o(.data)
    BACK_COLOR                               0x2000000c   Data           2  ili93xx.o(.data)
    TransferError                            0x2000001a   Data           1  sdio_sdcard.o(.data)
    TransferEnd                              0x2000001b   Data           1  sdio_sdcard.o(.data)
    tempbuff                                 0x2000001c   Data           4  sdio_sdcard.o(.data)
    W25QXX_TYPE                              0x20000020   Data           2  w25qxx.o(.data)
    mallco_dev                               0x20000024   Data          36  malloc.o(.data)
    FLASH_SECTOR_COUNT                       0x2000004a   Data           2  diskio.o(.data)
    file                                     0x2000004c   Data           4  exfuns.o(.data)
    ftemp                                    0x20000050   Data           4  exfuns.o(.data)
    br                                       0x20000054   Data           4  exfuns.o(.data)
    bw                                       0x20000058   Data           4  exfuns.o(.data)
    fatbuf                                   0x2000005c   Data           4  exfuns.o(.data)
    gifdecoding                              0x20000060   Data           1  gif.o(.data)
    f_jpeg                                   0x20000064   Data           4  tjpgd.o(.data)
    jpeg_dev                                 0x20000068   Data           4  tjpgd.o(.data)
    jpg_buffer                               0x2000006c   Data           4  tjpgd.o(.data)
    sys_cmd_tab                              0x20000070   Data          28  usmart.o(.data)
    usmart_nametab                           0x2000008c   Data         224  usmart_config.o(.data)
    usmart_dev                               0x2000016c   Data         244  usmart_config.o(.data)
    USBH_HCD_INT_cb                          0x20000260   Data          12  usbh_core.o(.data)
    USBH_HCD_INT_fops                        0x2000026c   Data           4  usbh_core.o(.data)
    MSC_Setup                                0x2000028c   Data           8  usbh_msc_core.o(.data)
    MSCErrorCount                            0x20000294   Data           1  usbh_msc_core.o(.data)
    USBH_MSC_cb                              0x20000298   Data          16  usbh_msc_core.o(.data)
    USR_Callbacks                            0x200002b0   Data          72  usbh_usr.o(.data)
    line                                     0x200002f8   Data           4  usbusr.o(.data)
    Receive_Retry                            0x200002fc   Data           2  usbusr.o(.data)
    sendTime                                 0x200002fe   Data           1  usbusr.o(.data)
    toggle_out                               0x200002ff   Data           1  usbusr.o(.data)
    sendlen                                  0x20000300   Data           2  usbusr.o(.data)
    SendMechine                              0x20000302   Data           1  usbusr.o(.data)
    SendCount                                0x20000304   Data           4  usbusr.o(.data)
    ReceiveMechine                           0x20000308   Data           1  usbusr.o(.data)
    ReceiveCount                             0x2000030c   Data           4  usbusr.o(.data)
    dataReceived                             0x20000310   Data           4  usbusr.o(.data)
    over_flag                                0x20000314   Data           1  usbusr.o(.data)
    i                                        0x20000320   Data           4  usbusr.o(.data)
    j                                        0x20000324   Data           4  usbusr.o(.data)
    flag                                     0x20000328   Data           4  usbusr.o(.data)
    gsend_flag                               0x2000032c   Data           4  usbusr.o(.data)
    rec_len                                  0x20000330   Data           2  usbusr.o(.data)
    toggle_out_flag                          0x20000334   Data           4  usbusr.o(.data)
    buf_num                                  0x20000338   Data           4  usbusr.o(.data)
    first_into                               0x2000033c   Data           1  usbusr.o(.data)
    first_config                             0x2000033d   Data           1  usbusr.o(.data)
    first_machine                            0x2000033e   Data           1  usbusr.o(.data)
    config_finish                            0x2000033f   Data           1  usbusr.o(.data)
    send_finish                              0x20000340   Data           1  usbusr.o(.data)
    gsend_status                             0x20000341   Data           1  usbusr.o(.data)
    myClass                                  0x20000342   Data           8  usbusr.o(.data)
    Class_cb                                 0x2000034c   Data          16  usbusr.o(.data)
    USB_Host                                 0x2000035c   Data         140  test.o(.bss)
    USB_OTG_Core                             0x200003e8   Data        1456  test.o(.bss)
    USART_RX_BUF                             0x20000998   Data         200  usart.o(.bss)
    lcddev                                   0x20000a60   Data          14  ili93xx.o(.bss)
    SDCardInfo                               0x20000a90   Data          88  sdio_sdcard.o(.bss)
    SDIO_DATA_BUFFER                         0x20000ae8   Data         512  sdio_sdcard.o(.bss)
    W25QXX_BUFFER                            0x20000ce8   Data        4096  w25qxx.o(.bss)
    mem1base                                 0x20001d00   Data       102400  malloc.o(.bss)
    mem1mapbase                              0x2001ad00   Data        6400  malloc.o(.bss)
    fs                                       0x2001c60c   Data          12  exfuns.o(.bss)
    fileinfo                                 0x2001c618   Data          32  exfuns.o(.bss)
    dir                                      0x2001c638   Data          36  exfuns.o(.bss)
    ftinfo                                   0x2001c65c   Data          33  fontupd.o(.bss)
    picinfo                                  0x2001c680   Data          40  piclib.o(.bss)
    pic_phy                                  0x2001c6a8   Data          20  piclib.o(.bss)
    USBH_CfgDesc                             0x2001c6bc   Data         512  usbh_stdreq.o(.bss)
    USBH_MSC_CBWData                         0x2001c8bc   Data          32  usbh_msc_bot.o(.bss)
    USBH_MSC_CSWData                         0x2001c8dc   Data          16  usbh_msc_bot.o(.bss)
    USBH_MSC_BOTXferParam                    0x2001c8ec   Data          16  usbh_msc_bot.o(.bss)
    MSC_Machine                              0x2001c8fc   Data         522  usbh_msc_core.o(.bss)
    USBH_MSC_Param                           0x2001cb08   Data          16  usbh_msc_scsi.o(.bss)
    USBH_DataInBuffer                        0x2001cb18   Data         512  usbh_msc_scsi.o(.bss)
    USBH_DataOutBuffer                       0x2001cd18   Data         512  usbh_msc_scsi.o(.bss)
    fftemp                                   0x2001cf18   Data         552  usbusr.o(.bss)
    fftemp1                                  0x2001d140   Data         552  usbusr.o(.bss)
    buf                                      0x2001d368   Data         200  usbusr.o(.bss)
    usb_send                                 0x2001d430   Data          64  usbusr.o(.bss)
    usb_rec                                  0x2001d470   Data          64  usbusr.o(.bss)
    __libspace_start                         0x2001d4b0   Data          96  libspace.o(.bss)
    __temporary_stack_top$libspace           0x2001d510   Data           0  libspace.o(.bss)
    mem2base                                 0x68000000   Data       983040  malloc.o(.ARM.__AT_0x68000000)
    mem2mapbase                              0x680f0000   Data       61440  malloc.o(.ARM.__AT_0x680F0000)



==============================================================================

Memory Map of the image

  Image Entry point : 0x08000189

  Load Region LR_IROM1 (Base: 0x08000000, Size: 0x000162ec, Max: 0x00100000, ABSOLUTE, COMPRESSED[0x00016124])

    Execution Region ER_IROM1 (Base: 0x08000000, Size: 0x00015f90, Max: 0x00100000, ABSOLUTE)

    Base Addr    Size         Type   Attr      Idx    E Section Name        Object

    0x08000000   0x00000188   Data   RO            3    RESET               startup_stm32f40_41xxx.o
    0x08000188   0x00000008   Code   RO         3627  * !!!main             c_w.l(__main.o)
    0x08000190   0x00000034   Code   RO         3810    !!!scatter          c_w.l(__scatter.o)
    0x080001c4   0x0000005a   Code   RO         3808    !!dczerorl2         c_w.l(__dczerorl2.o)
    0x0800021e   0x00000002   PAD
    0x08000220   0x0000001c   Code   RO         3812    !!handler_zi        c_w.l(__scatter_zi.o)
    0x0800023c   0x00000000   Code   RO         3614    .ARM.Collect$$_printf_percent$$00000000  c_w.l(_printf_percent.o)
    0x0800023c   0x00000006   Code   RO         3612    .ARM.Collect$$_printf_percent$$00000009  c_w.l(_printf_d.o)
    0x08000242   0x00000006   Code   RO         3613    .ARM.Collect$$_printf_percent$$0000000A  c_w.l(_printf_u.o)
    0x08000248   0x00000006   Code   RO         3611    .ARM.Collect$$_printf_percent$$0000000C  c_w.l(_printf_x.o)
    0x0800024e   0x00000006   Code   RO         3609    .ARM.Collect$$_printf_percent$$00000013  c_w.l(_printf_c.o)
    0x08000254   0x00000006   Code   RO         3610    .ARM.Collect$$_printf_percent$$00000014  c_w.l(_printf_s.o)
    0x0800025a   0x00000004   Code   RO         3640    .ARM.Collect$$_printf_percent$$00000017  c_w.l(_printf_percent_end.o)
    0x0800025e   0x00000002   Code   RO         3681    .ARM.Collect$$libinit$$00000000  c_w.l(libinit.o)
    0x08000260   0x00000004   Code   RO         3691    .ARM.Collect$$libinit$$00000001  c_w.l(libinit2.o)
    0x08000264   0x00000000   Code   RO         3695    .ARM.Collect$$libinit$$00000008  c_w.l(libinit2.o)
    0x08000264   0x00000000   Code   RO         3697    .ARM.Collect$$libinit$$0000000A  c_w.l(libinit2.o)
    0x08000264   0x00000000   Code   RO         3699    .ARM.Collect$$libinit$$0000000C  c_w.l(libinit2.o)
    0x08000264   0x00000000   Code   RO         3702    .ARM.Collect$$libinit$$0000000F  c_w.l(libinit2.o)
    0x08000264   0x00000000   Code   RO         3704    .ARM.Collect$$libinit$$00000011  c_w.l(libinit2.o)
    0x08000264   0x00000000   Code   RO         3706    .ARM.Collect$$libinit$$00000013  c_w.l(libinit2.o)
    0x08000264   0x00000000   Code   RO         3708    .ARM.Collect$$libinit$$00000015  c_w.l(libinit2.o)
    0x08000264   0x00000000   Code   RO         3710    .ARM.Collect$$libinit$$00000017  c_w.l(libinit2.o)
    0x08000264   0x00000000   Code   RO         3712    .ARM.Collect$$libinit$$00000019  c_w.l(libinit2.o)
    0x08000264   0x00000000   Code   RO         3714    .ARM.Collect$$libinit$$0000001B  c_w.l(libinit2.o)
    0x08000264   0x00000000   Code   RO         3716    .ARM.Collect$$libinit$$0000001D  c_w.l(libinit2.o)
    0x08000264   0x00000000   Code   RO         3718    .ARM.Collect$$libinit$$0000001F  c_w.l(libinit2.o)
    0x08000264   0x00000000   Code   RO         3720    .ARM.Collect$$libinit$$00000021  c_w.l(libinit2.o)
    0x08000264   0x00000000   Code   RO         3722    .ARM.Collect$$libinit$$00000023  c_w.l(libinit2.o)
    0x08000264   0x00000000   Code   RO         3726    .ARM.Collect$$libinit$$0000002A  c_w.l(libinit2.o)
    0x08000264   0x00000000   Code   RO         3728    .ARM.Collect$$libinit$$0000002C  c_w.l(libinit2.o)
    0x08000264   0x00000000   Code   RO         3730    .ARM.Collect$$libinit$$0000002E  c_w.l(libinit2.o)
    0x08000264   0x00000000   Code   RO         3732    .ARM.Collect$$libinit$$00000030  c_w.l(libinit2.o)
    0x08000264   0x00000002   Code   RO         3733    .ARM.Collect$$libinit$$00000031  c_w.l(libinit2.o)
    0x08000266   0x00000002   Code   RO         3761    .ARM.Collect$$libshutdown$$00000000  c_w.l(libshutdown.o)
    0x08000268   0x00000000   Code   RO         3776    .ARM.Collect$$libshutdown$$00000003  c_w.l(libshutdown2.o)
    0x08000268   0x00000000   Code   RO         3779    .ARM.Collect$$libshutdown$$00000006  c_w.l(libshutdown2.o)
    0x08000268   0x00000000   Code   RO         3782    .ARM.Collect$$libshutdown$$00000009  c_w.l(libshutdown2.o)
    0x08000268   0x00000000   Code   RO         3784    .ARM.Collect$$libshutdown$$0000000B  c_w.l(libshutdown2.o)
    0x08000268   0x00000000   Code   RO         3787    .ARM.Collect$$libshutdown$$0000000E  c_w.l(libshutdown2.o)
    0x08000268   0x00000002   Code   RO         3788    .ARM.Collect$$libshutdown$$0000000F  c_w.l(libshutdown2.o)
    0x0800026a   0x00000000   Code   RO         3631    .ARM.Collect$$rtentry$$00000000  c_w.l(rtentry.o)
    0x0800026a   0x00000000   Code   RO         3644    .ARM.Collect$$rtentry$$00000002  c_w.l(rtentry2.o)
    0x0800026a   0x00000006   Code   RO         3656    .ARM.Collect$$rtentry$$00000004  c_w.l(rtentry4.o)
    0x08000270   0x00000000   Code   RO         3646    .ARM.Collect$$rtentry$$00000009  c_w.l(rtentry2.o)
    0x08000270   0x00000004   Code   RO         3647    .ARM.Collect$$rtentry$$0000000A  c_w.l(rtentry2.o)
    0x08000274   0x00000000   Code   RO         3649    .ARM.Collect$$rtentry$$0000000C  c_w.l(rtentry2.o)
    0x08000274   0x00000008   Code   RO         3650    .ARM.Collect$$rtentry$$0000000D  c_w.l(rtentry2.o)
    0x0800027c   0x00000002   Code   RO         3685    .ARM.Collect$$rtexit$$00000000  c_w.l(rtexit.o)
    0x0800027e   0x00000000   Code   RO         3735    .ARM.Collect$$rtexit$$00000002  c_w.l(rtexit2.o)
    0x0800027e   0x00000004   Code   RO         3736    .ARM.Collect$$rtexit$$00000003  c_w.l(rtexit2.o)
    0x08000282   0x00000006   Code   RO         3737    .ARM.Collect$$rtexit$$00000004  c_w.l(rtexit2.o)
    0x08000288   0x00000010   Code   RO          276    .emb_text           sys.o
    0x08000298   0x00000044   Code   RO            4    .text               startup_stm32f40_41xxx.o
    0x080002dc   0x00000002   Code   RO         3552    .text               c_w.l(use_no_semi_2.o)
    0x080002de   0x00000048   Code   RO         3554    .text               c_w.l(llsdiv.o)
    0x08000326   0x00000002   PAD
    0x08000328   0x00000018   Code   RO         3558    .text               c_w.l(noretval__2printf.o)
    0x08000340   0x0000004e   Code   RO         3562    .text               c_w.l(_printf_pad.o)
    0x0800038e   0x00000052   Code   RO         3564    .text               c_w.l(_printf_str.o)
    0x080003e0   0x00000074   Code   RO         3566    .text               c_w.l(_printf_dec.o)
    0x08000454   0x00000058   Code   RO         3571    .text               c_w.l(_printf_hex_int.o)
    0x080004ac   0x00000188   Code   RO         3606    .text               c_w.l(__printf_flags_ss_wp.o)
    0x08000634   0x00000048   Code   RO         3615    .text               c_w.l(strcpy.o)
    0x0800067c   0x0000003e   Code   RO         3617    .text               c_w.l(strlen.o)
    0x080006ba   0x0000008a   Code   RO         3621    .text               c_w.l(rt_memcpy_v6.o)
    0x08000744   0x00000080   Code   RO         3623    .text               c_w.l(strcmpv7m.o)
    0x080007c4   0x00000006   Code   RO         3625    .text               c_w.l(heapauxi.o)
    0x080007ca   0x00000002   Code   RO         3629    .text               c_w.l(use_no_semi.o)
    0x080007cc   0x000000ee   Code   RO         3632    .text               c_w.l(lludivv7m.o)
    0x080008ba   0x000000b2   Code   RO         3634    .text               c_w.l(_printf_intcommon.o)
    0x0800096c   0x0000002c   Code   RO         3636    .text               c_w.l(_printf_char.o)
    0x08000998   0x00000024   Code   RO         3638    .text               c_w.l(_printf_char_file.o)
    0x080009bc   0x00000064   Code   RO         3641    .text               c_w.l(rt_memcpy_w.o)
    0x08000a20   0x00000030   Code   RO         3662    .text               c_w.l(_printf_char_common.o)
    0x08000a50   0x00000008   Code   RO         3664    .text               c_w.l(ferror.o)
    0x08000a58   0x0000004a   Code   RO         3668    .text               c_w.l(sys_stackheap_outer.o)
    0x08000aa2   0x0000000c   Code   RO         3674    .text               c_w.l(exit.o)
    0x08000aae   0x00000002   PAD
    0x08000ab0   0x00000008   Code   RO         3682    .text               c_w.l(libspace.o)
    0x08000ab8   0x00000038   Code   RO          672    i.CmdError          sdio_sdcard.o
    0x08000af0   0x00000060   Code   RO          673    i.CmdResp1Error     sdio_sdcard.o
    0x08000b50   0x00000068   Code   RO          674    i.CmdResp2Error     sdio_sdcard.o
    0x08000bb8   0x00000040   Code   RO          675    i.CmdResp3Error     sdio_sdcard.o
    0x08000bf8   0x000000a0   Code   RO          676    i.CmdResp6Error     sdio_sdcard.o
    0x08000c98   0x0000005c   Code   RO          677    i.CmdResp7Error     sdio_sdcard.o
    0x08000cf4   0x00000058   Code   RO         3496    i.DeInit            usbusr.o
    0x08000d4c   0x0000015c   Code   RO          678    i.FindSCR           sdio_sdcard.o
    0x08000ea8   0x00000040   Code   RO          278    i.GPIO_AF_Set       sys.o
    0x08000ee8   0x000000de   Code   RO          279    i.GPIO_Set          sys.o
    0x08000fc6   0x00000002   PAD
    0x08000fc8   0x000000e0   Code   RO         1861    i.Get_HzMat         text.o
    0x080010a8   0x0000000a   Code   RO         2666    i.HCD_GetCurrentFrame  usb_hcd.o
    0x080010b2   0x00000014   Code   RO         2667    i.HCD_GetCurrentSpeed  usb_hcd.o
    0x080010c6   0x0000000a   Code   RO         2669    i.HCD_GetURB_State  usb_hcd.o
    0x080010d0   0x0000000c   Code   RO         2670    i.HCD_GetXferCnt    usb_hcd.o
    0x080010dc   0x00000060   Code   RO         2672    i.HCD_Init          usb_hcd.o
    0x0800113c   0x00000008   Code   RO         2673    i.HCD_IsDeviceConnected  usb_hcd.o
    0x08001144   0x0000000e   Code   RO         2674    i.HCD_ResetPort     usb_hcd.o
    0x08001152   0x00000020   Code   RO         2675    i.HCD_SubmitRequest  usb_hcd.o
    0x08001172   0x00000002   PAD
    0x08001174   0x0000010c   Code   RO         3497    i.Init              usbusr.o
    0x08001280   0x0000009c   Code   RO          679    i.IsCardProgramming  sdio_sdcard.o
    0x0800131c   0x00000050   Code   RO          642    i.KEY_Init          key.o
    0x0800136c   0x0000001a   Code   RO          426    i.LCD_BGR2RGB       ili93xx.o
    0x08001386   0x00000002   PAD
    0x08001388   0x0000006c   Code   RO          427    i.LCD_Clear         ili93xx.o
    0x080013f4   0x00000060   Code   RO          428    i.LCD_Color_Fill    ili93xx.o
    0x08001454   0x00000170   Code   RO          431    i.LCD_Display_Dir   ili93xx.o
    0x080015c4   0x00000120   Code   RO          436    i.LCD_Fast_DrawPoint  ili93xx.o
    0x080016e4   0x000000b8   Code   RO          437    i.LCD_Fill          ili93xx.o
    0x0800179c   0x00003754   Code   RO          438    i.LCD_Init          ili93xx.o
    0x08004ef0   0x00000016   Code   RO          439    i.LCD_Pow           ili93xx.o
    0x08004f06   0x00000002   PAD
    0x08004f08   0x00000014   Code   RO          440    i.LCD_RD_DATA       ili93xx.o
    0x08004f1c   0x00000168   Code   RO          441    i.LCD_ReadPoint     ili93xx.o
    0x08005084   0x00000016   Code   RO          442    i.LCD_ReadReg       ili93xx.o
    0x0800509a   0x00000002   PAD
    0x0800509c   0x000002ac   Code   RO          443    i.LCD_Scan_Dir      ili93xx.o
    0x08005348   0x0000010c   Code   RO          444    i.LCD_SetCursor     ili93xx.o
    0x08005454   0x00000128   Code   RO          446    i.LCD_ShowChar      ili93xx.o
    0x0800557c   0x00000094   Code   RO          447    i.LCD_ShowNum       ili93xx.o
    0x08005610   0x00000066   Code   RO          448    i.LCD_ShowString    ili93xx.o
    0x08005676   0x00000002   PAD
    0x08005678   0x00000018   Code   RO          450    i.LCD_WR_DATA       ili93xx.o
    0x08005690   0x00000018   Code   RO          451    i.LCD_WR_REG        ili93xx.o
    0x080056a8   0x00000014   Code   RO          453    i.LCD_WriteRAM_Prepare  ili93xx.o
    0x080056bc   0x0000001c   Code   RO          454    i.LCD_WriteReg      ili93xx.o
    0x080056d8   0x00000040   Code   RO          403    i.LED_Init          led.o
    0x08005718   0x00000078   Code   RO          280    i.MY_NVIC_Init      sys.o
    0x08005790   0x00000028   Code   RO          281    i.MY_NVIC_PriorityGroupConfig  sys.o
    0x080057b8   0x00000010   Code   RO          282    i.MY_NVIC_SetVectorTable  sys.o
    0x080057c8   0x00000298   Code   RO         3498    i.My_Config         usbusr.o
    0x08005a60   0x00000348   Code   RO         3499    i.My_Machine        usbusr.o
    0x08005da8   0x00000010   Code   RO         3336    i.OTG_FS_IRQHandler  usbh_usr.o
    0x08005db8   0x00000006   Code   RO         3500    i.Requests          usbusr.o
    0x08005dbe   0x00000002   PAD
    0x08005dc0   0x00000080   Code   RO          680    i.SDEnWideBus       sdio_sdcard.o
    0x08005e40   0x00000014   Code   RO          681    i.SDIO_Clock_Set    sdio_sdcard.o
    0x08005e54   0x00000008   Code   RO          682    i.SDIO_IRQHandler   sdio_sdcard.o
    0x08005e5c   0x0000002c   Code   RO          683    i.SDIO_Send_Cmd     sdio_sdcard.o
    0x08005e88   0x00000038   Code   RO          684    i.SDIO_Send_Data_Cfg  sdio_sdcard.o
    0x08005ec0   0x00000094   Code   RO          685    i.SD_DMA_Config     sdio_sdcard.o
    0x08005f54   0x00000068   Code   RO          686    i.SD_EnableWideBusOperation  sdio_sdcard.o
    0x08005fbc   0x00000314   Code   RO          687    i.SD_GetCardInfo    sdio_sdcard.o
    0x080062d0   0x00000178   Code   RO          689    i.SD_Init           sdio_sdcard.o
    0x08006448   0x00000114   Code   RO          690    i.SD_InitializeCards  sdio_sdcard.o
    0x0800655c   0x00000180   Code   RO          692    i.SD_PowerON        sdio_sdcard.o
    0x080066dc   0x0000016c   Code   RO          693    i.SD_ProcessIRQSrc  sdio_sdcard.o
    0x08006848   0x0000024c   Code   RO          694    i.SD_ReadBlock      sdio_sdcard.o
    0x08006a94   0x000000a0   Code   RO          695    i.SD_ReadDisk       sdio_sdcard.o
    0x08006b34   0x000002c4   Code   RO          696    i.SD_ReadMultiBlocks  sdio_sdcard.o
    0x08006df8   0x00000016   Code   RO          697    i.SD_SelectDeselect  sdio_sdcard.o
    0x08006e0e   0x00000002   PAD
    0x08006e10   0x00000018   Code   RO          699    i.SD_SetDeviceMode  sdio_sdcard.o
    0x08006e28   0x00000344   Code   RO          700    i.SD_WriteBlock     sdio_sdcard.o
    0x0800716c   0x000000a0   Code   RO          701    i.SD_WriteDisk      sdio_sdcard.o
    0x0800720c   0x0000037c   Code   RO          702    i.SD_WriteMultiBlocks  sdio_sdcard.o
    0x08007588   0x000000b0   Code   RO          892    i.SPI1_Init         spi.o
    0x08007638   0x00000030   Code   RO          893    i.SPI1_ReadWriteByte  spi.o
    0x08007668   0x0000002c   Code   RO          894    i.SPI1_SetSpeed     spi.o
    0x08007694   0x000000c8   Code   RO         1862    i.Show_Font         text.o
    0x0800775c   0x000000c2   Code   RO         1863    i.Show_Str          text.o
    0x0800781e   0x00000002   PAD
    0x08007820   0x00000068   Code   RO          283    i.Stm32_Clock_Init  sys.o
    0x08007888   0x0000010c   Code   RO          284    i.Sys_Clock_Set     sys.o
    0x08007994   0x0000003c   Code   RO         2269    i.TIM4_IRQHandler   usmart.o
    0x080079d0   0x00000050   Code   RO         2270    i.Timer4_Init       usmart.o
    0x08007a20   0x00000080   Code   RO          354    i.USART1_IRQHandler  usart.o
    0x08007aa0   0x00000026   Code   RO         2886    i.USBH_Alloc_Channel  usbh_hcs.o
    0x08007ac6   0x00000060   Code   RO         2935    i.USBH_BulkReceiveData  usbh_ioreq.o
    0x08007b26   0x0000005e   Code   RO         2936    i.USBH_BulkSendData  usbh_ioreq.o
    0x08007b84   0x0000004c   Code   RO         3014    i.USBH_ClrFeature   usbh_stdreq.o
    0x08007bd0   0x0000000c   Code   RO         2813    i.USBH_Connected    usbh_core.o
    0x08007bdc   0x00000046   Code   RO         2937    i.USBH_CtlReceiveData  usbh_ioreq.o
    0x08007c22   0x00000064   Code   RO         2938    i.USBH_CtlReq       usbh_ioreq.o
    0x08007c86   0x0000006e   Code   RO         2939    i.USBH_CtlSendData  usbh_ioreq.o
    0x08007cf4   0x00000042   Code   RO         2940    i.USBH_CtlSendSetup  usbh_ioreq.o
    0x08007d36   0x0000001c   Code   RO         2887    i.USBH_DeAllocate_AllChannel  usbh_hcs.o
    0x08007d52   0x0000003a   Code   RO         2814    i.USBH_DeInit       usbh_core.o
    0x08007d8c   0x0000000c   Code   RO         2815    i.USBH_Disconnected  usbh_core.o
    0x08007d98   0x0000002e   Code   RO         2816    i.USBH_ErrorHandle  usbh_core.o
    0x08007dc6   0x0000001e   Code   RO         2888    i.USBH_Free_Channel  usbh_hcs.o
    0x08007de4   0x00000044   Code   RO         3015    i.USBH_GetDescriptor  usbh_stdreq.o
    0x08007e28   0x00000028   Code   RO         2889    i.USBH_GetFreeChannel  usbh_hcs.o
    0x08007e50   0x00000012   Code   RO         3016    i.USBH_GetNextDesc  usbh_stdreq.o
    0x08007e62   0x00000002   PAD
    0x08007e64   0x0000005c   Code   RO         3017    i.USBH_Get_CfgDesc  usbh_stdreq.o
    0x08007ec0   0x00000038   Code   RO         3018    i.USBH_Get_DevDesc  usbh_stdreq.o
    0x08007ef8   0x0000003c   Code   RO         3019    i.USBH_Get_StringDesc  usbh_stdreq.o
    0x08007f34   0x00000224   Code   RO         2817    i.USBH_HandleControl  usbh_core.o
    0x08008158   0x00000240   Code   RO         2818    i.USBH_HandleEnum   usbh_core.o
    0x08008398   0x00000044   Code   RO         2819    i.USBH_Init         usbh_core.o
    0x080083dc   0x00000024   Code   RO         3159    i.USBH_MSC_BOTReset  usbh_msc_core.o
    0x08008400   0x00000060   Code   RO         3114    i.USBH_MSC_BOT_Abort  usbh_msc_bot.o
    0x08008460   0x00000014   Code   RO         3160    i.USBH_MSC_ClassRequest  usbh_msc_core.o
    0x08008474   0x00000080   Code   RO         3115    i.USBH_MSC_DecodeCSW  usbh_msc_bot.o
    0x080084f4   0x00000044   Code   RO         3161    i.USBH_MSC_ErrorHandle  usbh_msc_core.o
    0x08008538   0x0000002c   Code   RO         3162    i.USBH_MSC_GETMaxLUN  usbh_msc_core.o
    0x08008564   0x00000224   Code   RO         3163    i.USBH_MSC_Handle   usbh_msc_core.o
    0x08008788   0x00000350   Code   RO         3116    i.USBH_MSC_HandleBOTXfer  usbh_msc_bot.o
    0x08008ad8   0x00000044   Code   RO         3117    i.USBH_MSC_Init     usbh_msc_bot.o
    0x08008b1c   0x0000004c   Code   RO         3164    i.USBH_MSC_InterfaceDeInit  usbh_msc_core.o
    0x08008b68   0x000002b4   Code   RO         3165    i.USBH_MSC_InterfaceInit  usbh_msc_core.o
    0x08008e1c   0x00000100   Code   RO         3220    i.USBH_MSC_ModeSense6  usbh_msc_scsi.o
    0x08008f1c   0x00000100   Code   RO         3221    i.USBH_MSC_Read10   usbh_msc_scsi.o
    0x0800901c   0x000000dc   Code   RO         3222    i.USBH_MSC_ReadCapacity10  usbh_msc_scsi.o
    0x080090f8   0x000000e0   Code   RO         3223    i.USBH_MSC_RequestSense  usbh_msc_scsi.o
    0x080091d8   0x000000b0   Code   RO         3224    i.USBH_MSC_TestUnitReady  usbh_msc_scsi.o
    0x08009288   0x000000e4   Code   RO         3225    i.USBH_MSC_Write10  usbh_msc_scsi.o
    0x0800936c   0x00000064   Code   RO         2890    i.USBH_Modify_Channel  usbh_hcs.o
    0x080093d0   0x000000a8   Code   RO         2743    i.USBH_OTG_ISR_Handler  usb_hcd_int.o
    0x08009478   0x0000009a   Code   RO         2891    i.USBH_Open_Channel  usbh_hcs.o
    0x08009512   0x00000002   PAD
    0x08009514   0x0000011c   Code   RO         3020    i.USBH_ParseCfgDesc  usbh_stdreq.o
    0x08009630   0x00000058   Code   RO         3021    i.USBH_ParseDevDesc  usbh_stdreq.o
    0x08009688   0x00000020   Code   RO         3022    i.USBH_ParseEPDesc  usbh_stdreq.o
    0x080096a8   0x00000026   Code   RO         3023    i.USBH_ParseInterfaceDesc  usbh_stdreq.o
    0x080096ce   0x00000036   Code   RO         3024    i.USBH_ParseStringDesc  usbh_stdreq.o
    0x08009704   0x00000198   Code   RO         2820    i.USBH_Process      usbh_core.o
    0x0800989c   0x00000006   Code   RO         2821    i.USBH_SOF          usbh_core.o
    0x080098a2   0x00000026   Code   RO         3025    i.USBH_SetAddress   usbh_stdreq.o
    0x080098c8   0x00000026   Code   RO         3026    i.USBH_SetCfg       usbh_stdreq.o
    0x080098ee   0x00000018   Code   RO         2945    i.USBH_SubmitSetupRequest  usbh_ioreq.o
    0x08009906   0x00000002   PAD
    0x08009908   0x00000060   Code   RO         3337    i.USBH_UDISK_Read   usbh_usr.o
    0x08009968   0x00000010   Code   RO         3338    i.USBH_UDISK_Status  usbh_usr.o
    0x08009978   0x00000060   Code   RO         3339    i.USBH_UDISK_Write  usbh_usr.o
    0x080099d8   0x00000068   Code   RO         3340    i.USBH_USR_Configuration_DescAvailable  usbh_usr.o
    0x08009a40   0x0000000c   Code   RO         3341    i.USBH_USR_DeInit   usbh_usr.o
    0x08009a4c   0x00000020   Code   RO         3342    i.USBH_USR_DeviceAddressAssigned  usbh_usr.o
    0x08009a6c   0x0000002c   Code   RO         3343    i.USBH_USR_DeviceAttached  usbh_usr.o
    0x08009a98   0x00000024   Code   RO         3344    i.USBH_USR_DeviceDisconnected  usbh_usr.o
    0x08009abc   0x00000024   Code   RO         3345    i.USBH_USR_DeviceNotSupported  usbh_usr.o
    0x08009ae0   0x00000078   Code   RO         3346    i.USBH_USR_DeviceSpeedDetected  usbh_usr.o
    0x08009b58   0x00000038   Code   RO         3347    i.USBH_USR_Device_DescAvailable  usbh_usr.o
    0x08009b90   0x00000020   Code   RO         3348    i.USBH_USR_EnumerationDone  usbh_usr.o
    0x08009bb0   0x00000070   Code   RO         3349    i.USBH_USR_Init     usbh_usr.o
    0x08009c20   0x00000054   Code   RO         3350    i.USBH_USR_MSC_Application  usbh_usr.o
    0x08009c74   0x00000024   Code   RO         3351    i.USBH_USR_Manufacturer_String  usbh_usr.o
    0x08009c98   0x00000020   Code   RO         3352    i.USBH_USR_OverCurrentDetected  usbh_usr.o
    0x08009cb8   0x00000020   Code   RO         3353    i.USBH_USR_Product_String  usbh_usr.o
    0x08009cd8   0x0000001c   Code   RO         3354    i.USBH_USR_ResetDevice  usbh_usr.o
    0x08009cf4   0x00000024   Code   RO         3355    i.USBH_USR_SerialNum_String  usbh_usr.o
    0x08009d18   0x00000024   Code   RO         3356    i.USBH_USR_UnrecoveredError  usbh_usr.o
    0x08009d3c   0x00000020   Code   RO         3357    i.USBH_USR_UserInput  usbh_usr.o
    0x08009d5c   0x00000002   Code   RO         3277    i.USB_OTG_BSP_ConfigVBUS  usb_bsp.o
    0x08009d5e   0x00000002   Code   RO         3279    i.USB_OTG_BSP_DriveVBUS  usb_bsp.o
    0x08009d60   0x00000012   Code   RO         3280    i.USB_OTG_BSP_EnableInterrupt  usb_bsp.o
    0x08009d72   0x00000002   PAD
    0x08009d74   0x0000006c   Code   RO         3281    i.USB_OTG_BSP_Init  usb_bsp.o
    0x08009de0   0x0000000c   Code   RO         3282    i.USB_OTG_BSP_mDelay  usb_bsp.o
    0x08009dec   0x0000000c   Code   RO         3283    i.USB_OTG_BSP_uDelay  usb_bsp.o
    0x08009df8   0x00000126   Code   RO         2465    i.USB_OTG_CoreInit  usb_core.o
    0x08009f1e   0x000000d6   Code   RO         2466    i.USB_OTG_CoreInitHost  usb_core.o
    0x08009ff4   0x00000070   Code   RO         2467    i.USB_OTG_CoreReset  usb_core.o
    0x0800a064   0x00000022   Code   RO         2468    i.USB_OTG_DisableGlobalInt  usb_core.o
    0x0800a086   0x0000005c   Code   RO         2469    i.USB_OTG_DriveVbus  usb_core.o
    0x0800a0e2   0x00000034   Code   RO         2470    i.USB_OTG_EnableCommonInt  usb_core.o
    0x0800a116   0x00000022   Code   RO         2471    i.USB_OTG_EnableGlobalInt  usb_core.o
    0x0800a138   0x00000074   Code   RO         2472    i.USB_OTG_EnableHostInt  usb_core.o
    0x0800a1ac   0x0000004c   Code   RO         2473    i.USB_OTG_FlushRxFifo  usb_core.o
    0x0800a1f8   0x00000054   Code   RO         2474    i.USB_OTG_FlushTxFifo  usb_core.o
    0x0800a24c   0x0000000c   Code   RO         2475    i.USB_OTG_GetMode   usb_core.o
    0x0800a258   0x0000005a   Code   RO         2476    i.USB_OTG_HC_DoPing  usb_core.o
    0x0800a2b2   0x00000082   Code   RO         2477    i.USB_OTG_HC_Halt   usb_core.o
    0x0800a334   0x00000238   Code   RO         2478    i.USB_OTG_HC_Init   usb_core.o
    0x0800a56c   0x000001f6   Code   RO         2479    i.USB_OTG_HC_StartXfer  usb_core.o
    0x0800a762   0x00000018   Code   RO         2480    i.USB_OTG_InitFSLSPClkSel  usb_core.o
    0x0800a77a   0x00000010   Code   RO         2482    i.USB_OTG_IsEvenFrame  usb_core.o
    0x0800a78a   0x00000014   Code   RO         2483    i.USB_OTG_IsHostMode  usb_core.o
    0x0800a79e   0x00000010   Code   RO         2484    i.USB_OTG_ReadCoreItr  usb_core.o
    0x0800a7ae   0x00000030   Code   RO         2485    i.USB_OTG_ReadHPRT0  usb_core.o
    0x0800a7de   0x00000008   Code   RO         2486    i.USB_OTG_ReadHostAllChannels_intr  usb_core.o
    0x0800a7e6   0x00000028   Code   RO         2488    i.USB_OTG_ReadPacket  usb_core.o
    0x0800a80e   0x00000040   Code   RO         2489    i.USB_OTG_ResetPort  usb_core.o
    0x0800a84e   0x00000002   PAD
    0x0800a850   0x000000d0   Code   RO         2490    i.USB_OTG_SelectCore  usb_core.o
    0x0800a920   0x0000004e   Code   RO         2491    i.USB_OTG_SetCurrentMode  usb_core.o
    0x0800a96e   0x00000002   PAD
    0x0800a970   0x0000002c   Code   RO         2744    i.USB_OTG_USBH_handle_Disconnect_ISR  usb_hcd_int.o
    0x0800a99c   0x00000046   Code   RO         2745    i.USB_OTG_USBH_handle_IncompletePeriodicXfer_ISR  usb_hcd_int.o
    0x0800a9e2   0x00000056   Code   RO         2746    i.USB_OTG_USBH_handle_hc_ISR  usb_hcd_int.o
    0x0800aa38   0x0000042a   Code   RO         2747    i.USB_OTG_USBH_handle_hc_n_In_ISR  usb_hcd_int.o
    0x0800ae62   0x00000002   PAD
    0x0800ae64   0x000003e0   Code   RO         2748    i.USB_OTG_USBH_handle_hc_n_Out_ISR  usb_hcd_int.o
    0x0800b244   0x0000012e   Code   RO         2749    i.USB_OTG_USBH_handle_nptxfempty_ISR  usb_hcd_int.o
    0x0800b372   0x00000002   PAD
    0x0800b374   0x00000120   Code   RO         2750    i.USB_OTG_USBH_handle_port_ISR  usb_hcd_int.o
    0x0800b494   0x0000012e   Code   RO         2751    i.USB_OTG_USBH_handle_ptxfempty_ISR  usb_hcd_int.o
    0x0800b5c2   0x00000164   Code   RO         2752    i.USB_OTG_USBH_handle_rx_qlvl_ISR  usb_hcd_int.o
    0x0800b726   0x00000002   PAD
    0x0800b728   0x0000002c   Code   RO         2753    i.USB_OTG_USBH_handle_sof_ISR  usb_hcd_int.o
    0x0800b754   0x00000040   Code   RO         2493    i.USB_OTG_WritePacket  usb_core.o
    0x0800b794   0x00000188   Code   RO           12    i.USH_User_App      test.o
    0x0800b91c   0x00000058   Code   RO          928    i.W25QXX_Erase_Sector  w25qxx.o
    0x0800b974   0x00000080   Code   RO          929    i.W25QXX_Init       w25qxx.o
    0x0800b9f4   0x00000050   Code   RO          931    i.W25QXX_Read       w25qxx.o
    0x0800ba44   0x00000048   Code   RO          932    i.W25QXX_ReadID     w25qxx.o
    0x0800ba8c   0x0000002c   Code   RO          933    i.W25QXX_ReadSR     w25qxx.o
    0x0800bab8   0x00000012   Code   RO          935    i.W25QXX_Wait_Busy  w25qxx.o
    0x0800baca   0x00000002   PAD
    0x0800bacc   0x000000b8   Code   RO          936    i.W25QXX_Write      w25qxx.o
    0x0800bb84   0x00000020   Code   RO          938    i.W25QXX_Write_Enable  w25qxx.o
    0x0800bba4   0x00000046   Code   RO          939    i.W25QXX_Write_NoCheck  w25qxx.o
    0x0800bbea   0x00000002   PAD
    0x0800bbec   0x00000054   Code   RO          940    i.W25QXX_Write_Page  w25qxx.o
    0x0800bc40   0x0000000e   Code   RO         3599    i._is_digit         c_w.l(__printf_wp.o)
    0x0800bc4e   0x00000006   Code   RO          355    i._sys_exit         usart.o
    0x0800bc54   0x000000e0   Code   RO         1902    i.ai_draw_init      piclib.o
    0x0800bd34   0x000000d0   Code   RO         1903    i.ai_load_picfile   piclib.o
    0x0800be04   0x0000001e   Code   RO         2142    i.alloc_pool        tjpgd.o
    0x0800be22   0x00000090   Code   RO         2143    i.bitext            tjpgd.o
    0x0800beb2   0x00000002   PAD
    0x0800beb4   0x000002a8   Code   RO         2144    i.block_idct        tjpgd.o
    0x0800c15c   0x0000001a   Code   RO         1557    i.char_upper        exfuns.o
    0x0800c176   0x00000002   PAD
    0x0800c178   0x00000090   Code   RO         1116    i.check_fs          ff.o
    0x0800c208   0x00000014   Code   RO         1117    i.chk_chr           ff.o
    0x0800c21c   0x00000032   Code   RO         1118    i.clmt_clust        ff.o
    0x0800c24e   0x0000001a   Code   RO         1119    i.clust2sect        ff.o
    0x0800c268   0x00000090   Code   RO         1120    i.cmp_lfn           ff.o
    0x0800c2f8   0x00000012   Code   RO          703    i.convert_from_bytes_to_power_of_two  sdio_sdcard.o
    0x0800c30a   0x000000d6   Code   RO         1121    i.create_chain      ff.o
    0x0800c3e0   0x00000134   Code   RO         2145    i.create_huffman_tbl  tjpgd.o
    0x0800c514   0x00000270   Code   RO         1122    i.create_name       ff.o
    0x0800c784   0x00000074   Code   RO         2146    i.create_qt_tbl     tjpgd.o
    0x0800c7f8   0x00000040   Code   RO          219    i.delay_init        delay.o
    0x0800c838   0x00000038   Code   RO          220    i.delay_ms          delay.o
    0x0800c870   0x00000044   Code   RO          221    i.delay_us          delay.o
    0x0800c8b4   0x0000003c   Code   RO          222    i.delay_xms         delay.o
    0x0800c8f0   0x0000005c   Code   RO         1123    i.dir_alloc         ff.o
    0x0800c94c   0x000000ea   Code   RO         1124    i.dir_find          ff.o
    0x0800ca36   0x00000110   Code   RO         1125    i.dir_next          ff.o
    0x0800cb46   0x000000c4   Code   RO         1126    i.dir_read          ff.o
    0x0800cc0a   0x0000012a   Code   RO         1127    i.dir_register      ff.o
    0x0800cd34   0x0000006a   Code   RO         1128    i.dir_remove        ff.o
    0x0800cd9e   0x0000009e   Code   RO         1129    i.dir_sdi           ff.o
    0x0800ce3c   0x0000004c   Code   RO         1472    i.disk_initialize   diskio.o
    0x0800ce88   0x000000fc   Code   RO         1473    i.disk_ioctl        diskio.o
    0x0800cf84   0x0000008c   Code   RO         1474    i.disk_read         diskio.o
    0x0800d010   0x00000006   Code   RO         1475    i.disk_status       diskio.o
    0x0800d016   0x0000008c   Code   RO         1476    i.disk_write        diskio.o
    0x0800d0a2   0x0000004a   Code   RO         1558    i.exf_getfree       exfuns.o
    0x0800d0ec   0x00000084   Code   RO         1559    i.exfuns_init       exfuns.o
    0x0800d170   0x00000024   Code   RO         1131    i.f_close           ff.o
    0x0800d194   0x00000016   Code   RO         1132    i.f_closedir        ff.o
    0x0800d1aa   0x00000102   Code   RO         1133    i.f_getfree         ff.o
    0x0800d2ac   0x000000be   Code   RO         1134    i.f_getlabel        ff.o
    0x0800d36a   0x00000052   Code   RO         1135    i.f_gets            ff.o
    0x0800d3bc   0x0000028e   Code   RO         1136    i.f_lseek           ff.o
    0x0800d64a   0x0000017c   Code   RO         1137    i.f_mkdir           ff.o
    0x0800d7c6   0x00000002   PAD
    0x0800d7c8   0x00000640   Code   RO         1138    i.f_mkfs            ff.o
    0x0800de08   0x0000005c   Code   RO         1139    i.f_mount           ff.o
    0x0800de64   0x00000180   Code   RO         1140    i.f_open            ff.o
    0x0800dfe4   0x00000088   Code   RO         1141    i.f_opendir         ff.o
    0x0800e06c   0x00000040   Code   RO         1143    i.f_putc            ff.o
    0x0800e0ac   0x0000004a   Code   RO         1144    i.f_puts            ff.o
    0x0800e0f6   0x000001b0   Code   RO         1145    i.f_read            ff.o
    0x0800e2a6   0x00000072   Code   RO         1146    i.f_readdir         ff.o
    0x0800e318   0x0000013a   Code   RO         1147    i.f_rename          ff.o
    0x0800e452   0x00000002   PAD
    0x0800e454   0x000001e8   Code   RO         1148    i.f_setlabel        ff.o
    0x0800e63c   0x000000b0   Code   RO         1150    i.f_sync            ff.o
    0x0800e6ec   0x000000b0   Code   RO         1560    i.f_typetell        exfuns.o
    0x0800e79c   0x000000c2   Code   RO         1152    i.f_unlink          ff.o
    0x0800e85e   0x000001ea   Code   RO         1154    i.f_write           ff.o
    0x0800ea48   0x00000098   Code   RO         1772    i.ff_convert        mycc936.o
    0x0800eae0   0x0000000e   Code   RO         1477    i.ff_memalloc       diskio.o
    0x0800eaee   0x0000000e   Code   RO         1478    i.ff_memfree        diskio.o
    0x0800eafc   0x00000038   Code   RO         1773    i.ff_wtoupper       mycc936.o
    0x0800eb34   0x00000388   Code   RO         1155    i.find_volume       ff.o
    0x0800eebc   0x00000080   Code   RO         1156    i.fit_lfn           ff.o
    0x0800ef3c   0x00000090   Code   RO         1157    i.follow_path       ff.o
    0x0800efcc   0x00000044   Code   RO         1807    i.font_init         fontupd.o
    0x0800f010   0x0000001c   Code   RO          356    i.fputc             usart.o
    0x0800f02c   0x000000c8   Code   RO         1158    i.gen_numname       ff.o
    0x0800f0f4   0x000000e8   Code   RO         1159    i.get_fat           ff.o
    0x0800f1dc   0x00000004   Code   RO         1479    i.get_fattime       diskio.o
    0x0800f1e0   0x0000010c   Code   RO         1160    i.get_fileinfo      ff.o
    0x0800f2ec   0x0000004a   Code   RO         1161    i.get_ldnumber      ff.o
    0x0800f336   0x00000058   Code   RO         2025    i.gif_check_head    gif.o
    0x0800f38e   0x00000002   PAD
    0x0800f390   0x000001f4   Code   RO         2026    i.gif_clear2bkcolor  gif.o
    0x0800f584   0x0000012c   Code   RO         2027    i.gif_decode        gif.o
    0x0800f6b0   0x00000228   Code   RO         2028    i.gif_dispimage     gif.o
    0x0800f8d8   0x00000154   Code   RO         2029    i.gif_drawimage     gif.o
    0x0800fa2c   0x00000060   Code   RO         2030    i.gif_getdatablock  gif.o
    0x0800fa8c   0x00000046   Code   RO         2031    i.gif_getinfo       gif.o
    0x0800fad2   0x00000358   Code   RO         2032    i.gif_getnextbyte   gif.o
    0x0800fe2a   0x00000002   PAD
    0x0800fe2c   0x000001c8   Code   RO         2033    i.gif_getnextcode   gif.o
    0x0800fff4   0x0000001c   Code   RO         2034    i.gif_getrgb565     gif.o
    0x08010010   0x00000098   Code   RO         2035    i.gif_initlzw       gif.o
    0x080100a8   0x00000040   Code   RO         2037    i.gif_readcolortbl  gif.o
    0x080100e8   0x000000a0   Code   RO         2038    i.gif_readextension  gif.o
    0x08010188   0x00000026   Code   RO         2039    i.gif_recovergctbl  gif.o
    0x080101ae   0x00000026   Code   RO         2040    i.gif_savegctbl     gif.o
    0x080101d4   0x000000c0   Code   RO         2147    i.huffext           tjpgd.o
    0x08010294   0x00000028   Code   RO         1904    i.is_element_ok     piclib.o
    0x080102bc   0x000000a2   Code   RO         2148    i.jd_decomp         tjpgd.o
    0x0801035e   0x0000039c   Code   RO         2149    i.jd_prepare        tjpgd.o
    0x080106fa   0x00000002   PAD
    0x080106fc   0x00000028   Code   RO         2150    i.jpeg_freeall      tjpgd.o
    0x08010724   0x00000030   Code   RO         2151    i.jpeg_in_func      tjpgd.o
    0x08010754   0x00000054   Code   RO         2152    i.jpeg_mallocall    tjpgd.o
    0x080107a8   0x00000054   Code   RO         2153    i.jpeg_out_func_fill  tjpgd.o
    0x080107fc   0x000000c0   Code   RO         2154    i.jpeg_out_func_point  tjpgd.o
    0x080108bc   0x00000104   Code   RO         2155    i.jpg_decode        tjpgd.o
    0x080109c0   0x00000020   Code   RO         1162    i.ld_clust          ff.o
    0x080109e0   0x0000022c   Code   RO           13    i.main              test.o
    0x08010c0c   0x000001e4   Code   RO         2156    i.mcu_load          tjpgd.o
    0x08010df0   0x00000394   Code   RO         2157    i.mcu_output        tjpgd.o
    0x08011184   0x000000cc   Code   RO         3358    i.md_send           usbh_usr.o
    0x08011250   0x00000026   Code   RO         1163    i.mem_cmp           ff.o
    0x08011276   0x0000001a   Code   RO         1164    i.mem_cpy           ff.o
    0x08011290   0x00000014   Code   RO         1165    i.mem_set           ff.o
    0x080112a4   0x00000014   Code   RO         1611    i.mf_close          fattester.o
    0x080112b8   0x00000010   Code   RO         1612    i.mf_closedir       fattester.o
    0x080112c8   0x00000014   Code   RO         1613    i.mf_fmkfs          fattester.o
    0x080112dc   0x00000084   Code   RO         1614    i.mf_getlabel       fattester.o
    0x08011360   0x0000004c   Code   RO         1615    i.mf_gets           fattester.o
    0x080113ac   0x00000014   Code   RO         1616    i.mf_lseek          fattester.o
    0x080113c0   0x0000000c   Code   RO         1617    i.mf_mkdir          fattester.o
    0x080113cc   0x00000018   Code   RO         1618    i.mf_mount          fattester.o
    0x080113e4   0x0000001c   Code   RO         1619    i.mf_open           fattester.o
    0x08011400   0x00000014   Code   RO         1620    i.mf_opendir        fattester.o
    0x08011414   0x00000018   Code   RO         1621    i.mf_putc           fattester.o
    0x0801142c   0x00000018   Code   RO         1622    i.mf_puts           fattester.o
    0x08011444   0x00000158   Code   RO         1623    i.mf_read           fattester.o
    0x0801159c   0x00000194   Code   RO         1624    i.mf_readdir        fattester.o
    0x08011730   0x00000010   Code   RO         1625    i.mf_rename         fattester.o
    0x08011740   0x00000090   Code   RO         1626    i.mf_scan_files     fattester.o
    0x080117d0   0x0000005c   Code   RO         1627    i.mf_setlabel       fattester.o
    0x0801182c   0x000000a8   Code   RO         1628    i.mf_showfree       fattester.o
    0x080118d4   0x0000000c   Code   RO         1629    i.mf_size           fattester.o
    0x080118e0   0x0000000c   Code   RO         1630    i.mf_tell           fattester.o
    0x080118ec   0x0000000c   Code   RO         1631    i.mf_unlink         fattester.o
    0x080118f8   0x000000b8   Code   RO         1632    i.mf_write          fattester.o
    0x080119b0   0x000003d0   Code   RO         1990    i.minibmp_decode    bmp.o
    0x08011d80   0x00000032   Code   RO         1166    i.move_window       ff.o
    0x08011db2   0x00000002   PAD
    0x08011db4   0x0000006c   Code   RO         1038    i.my_mem_free       malloc.o
    0x08011e20   0x00000044   Code   RO         1039    i.my_mem_init       malloc.o
    0x08011e64   0x000000a8   Code   RO         1040    i.my_mem_malloc     malloc.o
    0x08011f0c   0x00000040   Code   RO         1041    i.my_mem_perused    malloc.o
    0x08011f4c   0x00000024   Code   RO         1042    i.myfree            malloc.o
    0x08011f70   0x00000028   Code   RO         1043    i.mymalloc          malloc.o
    0x08011f98   0x00000014   Code   RO         1045    i.mymemset          malloc.o
    0x08011fac   0x0000000e   Code   RO          455    i.opt_delay         ili93xx.o
    0x08011fba   0x0000000e   Code   RO         1905    i.pic_memalloc      piclib.o
    0x08011fc8   0x0000000e   Code   RO         1906    i.pic_memfree       piclib.o
    0x08011fd6   0x00000002   PAD
    0x08011fd8   0x00000074   Code   RO         1167    i.pick_lfn          ff.o
    0x0801204c   0x00000030   Code   RO         1907    i.piclib_alpha_blend  piclib.o
    0x0801207c   0x00000038   Code   RO         1908    i.piclib_draw_hline  piclib.o
    0x080120b4   0x0000002c   Code   RO         1909    i.piclib_fill_color  piclib.o
    0x080120e0   0x0000005c   Code   RO         1910    i.piclib_init       piclib.o
    0x0801213c   0x00000136   Code   RO         1168    i.put_fat           ff.o
    0x08012272   0x00000044   Code   RO         1169    i.putc_bfd          ff.o
    0x080122b6   0x00000006   Code   RO         2271    i.read_addr         usmart.o
    0x080122bc   0x0000006c   Code   RO         1170    i.remove_chain      ff.o
    0x08012328   0x00000070   Code   RO         2158    i.restart           tjpgd.o
    0x08012398   0x00000010   Code   RO         1171    i.st_clust          ff.o
    0x080123a8   0x000002d0   Code   RO         1991    i.stdbmp_decode     bmp.o
    0x08012678   0x00000020   Code   RO         1172    i.sum_sfn           ff.o
    0x08012698   0x000000c8   Code   RO         1173    i.sync_fs           ff.o
    0x08012760   0x0000004c   Code   RO         1174    i.sync_window       ff.o
    0x080127ac   0x00000100   Code   RO          357    i.uart_init         usart.o
    0x080128ac   0x000000b0   Code   RO         2272    i.usmart_cmd_rec    usmart.o
    0x0801295c   0x000002d4   Code   RO         2273    i.usmart_exe        usmart.o
    0x08012c30   0x000000d4   Code   RO         2385    i.usmart_get_aparm  usmart_str.o
    0x08012d04   0x00000036   Code   RO         2386    i.usmart_get_cmdname  usmart_str.o
    0x08012d3a   0x00000002   PAD
    0x08012d3c   0x000001c0   Code   RO         2387    i.usmart_get_fname  usmart_str.o
    0x08012efc   0x0000010c   Code   RO         2388    i.usmart_get_fparam  usmart_str.o
    0x08013008   0x00000020   Code   RO         2389    i.usmart_get_parmpos  usmart_str.o
    0x08013028   0x00000040   Code   RO         2274    i.usmart_get_runtime  usmart.o
    0x08013068   0x00000028   Code   RO         2275    i.usmart_init       usmart.o
    0x08013090   0x00000016   Code   RO         2390    i.usmart_pow        usmart_str.o
    0x080130a6   0x00000002   PAD
    0x080130a8   0x00000030   Code   RO         2276    i.usmart_reset_runtime  usmart.o
    0x080130d8   0x000000bc   Code   RO         2277    i.usmart_scan       usmart.o
    0x08013194   0x00000016   Code   RO         2391    i.usmart_search_nextc  usmart_str.o
    0x080131aa   0x00000106   Code   RO         2392    i.usmart_str2num    usmart_str.o
    0x080132b0   0x00000022   Code   RO         2393    i.usmart_strcmp     usmart_str.o
    0x080132d2   0x00000016   Code   RO         2394    i.usmart_strcopy    usmart_str.o
    0x080132e8   0x00000018   Code   RO         2395    i.usmart_strlen     usmart_str.o
    0x08013300   0x000006f4   Code   RO         2278    i.usmart_sys_cmd_exe  usmart.o
    0x080139f4   0x00000036   Code   RO         1175    i.validate          ff.o
    0x08013a2a   0x00000004   Code   RO         2279    i.write_addr        usmart.o
    0x08013a2e   0x0000000a   Code   RO         3749    x$fpl$fpinit        fz_wm.l(fpinit.o)
    0x08013a38   0x000017c0   Data   RO          457    .constdata          ili93xx.o
    0x080151f8   0x00000024   Data   RO         1052    .constdata          malloc.o
    0x0801521c   0x0000003a   Data   RO         1177    .constdata          ff.o
    0x08015256   0x00000002   PAD
    0x08015258   0x00000070   Data   RO         1562    .constdata          exfuns.o
    0x080152c8   0x000003c0   Data   RO         1774    .constdata          mycc936.o
    0x08015688   0x00000028   Data   RO         2041    .constdata          gif.o
    0x080156b0   0x000004c0   Data   RO         2159    .constdata          tjpgd.o
    0x08015b70   0x00000028   Data   RO         3572    .constdata          c_w.l(_printf_hex_int.o)
    0x08015b98   0x00000011   Data   RO         3607    .constdata          c_w.l(__printf_flags_ss_wp.o)
    0x08015ba9   0x00000003   PAD
    0x08015bac   0x00000044   Data   RO         1563    .conststring        exfuns.o
    0x08015bf0   0x00000028   Data   RO         2280    .conststring        usmart.o
    0x08015c18   0x00000331   Data   RO         2353    .conststring        usmart_config.o
    0x08015f49   0x00000003   PAD
    0x08015f4c   0x00000022   Data   RO         3502    .conststring        usbusr.o
    0x08015f6e   0x00000002   PAD
    0x08015f70   0x00000020   Data   RO         3806    Region$$Table       anon$$obj.o


    Execution Region RW_IRAM1 (Base: 0x20000000, Size: 0x0001d910, Max: 0x00020000, ABSOLUTE, COMPRESSED[0x00000194])

    Base Addr    Size         Type   Attr      Idx    E Section Name        Object

    0x20000000   0x00000004   Data   RW          223    .data               delay.o
    0x20000004   0x00000006   Data   RW          359    .data               usart.o
    0x2000000a   0x00000004   Data   RW          458    .data               ili93xx.o
    0x2000000e   0x00000002   PAD
    0x20000010   0x00000010   Data   RW          705    .data               sdio_sdcard.o
    0x20000020   0x00000002   Data   RW          943    .data               w25qxx.o
    0x20000022   0x00000002   PAD
    0x20000024   0x00000024   Data   RW         1053    .data               malloc.o
    0x20000048   0x00000002   Data   RW         1178    .data               ff.o
    0x2000004a   0x00000002   Data   RW         1480    .data               diskio.o
    0x2000004c   0x00000014   Data   RW         1564    .data               exfuns.o
    0x20000060   0x00000001   Data   RW         2042    .data               gif.o
    0x20000061   0x00000003   PAD
    0x20000064   0x0000000c   Data   RW         2160    .data               tjpgd.o
    0x20000070   0x0000001c   Data   RW         2281    .data               usmart.o
    0x2000008c   0x000001d4   Data   RW         2354    .data               usmart_config.o
    0x20000260   0x00000012   Data   RW         2822    .data               usbh_core.o
    0x20000272   0x00000003   Data   RW         3029    .data               usbh_stdreq.o
    0x20000275   0x00000003   PAD
    0x20000278   0x00000011   Data   RW         3119    .data               usbh_msc_bot.o
    0x20000289   0x00000003   PAD
    0x2000028c   0x0000001d   Data   RW         3167    .data               usbh_msc_core.o
    0x200002a9   0x00000001   Data   RW         3227    .data               usbh_msc_scsi.o
    0x200002aa   0x00000002   PAD
    0x200002ac   0x0000004c   Data   RW         3359    .data               usbh_usr.o
    0x200002f8   0x00000064   Data   RW         3503    .data               usbusr.o
    0x2000035c   0x0000063c   Zero   RW           14    .bss                test.o
    0x20000998   0x000000c8   Zero   RW          358    .bss                usart.o
    0x20000a60   0x0000000e   Zero   RW          456    .bss                ili93xx.o
    0x20000a6e   0x00000002   PAD
    0x20000a70   0x00000278   Zero   RW          704    .bss                sdio_sdcard.o
    0x20000ce8   0x00001000   Zero   RW          942    .bss                w25qxx.o
    0x20001ce8   0x00000018   PAD
    0x20001d00   0x0001a900   Zero   RW         1051    .bss                malloc.o
    0x2001c600   0x0000000c   Zero   RW         1176    .bss                ff.o
    0x2001c60c   0x00000050   Zero   RW         1561    .bss                exfuns.o
    0x2001c65c   0x00000021   Zero   RW         1811    .bss                fontupd.o
    0x2001c67d   0x00000003   PAD
    0x2001c680   0x0000003c   Zero   RW         1911    .bss                piclib.o
    0x2001c6bc   0x00000200   Zero   RW         3028    .bss                usbh_stdreq.o
    0x2001c8bc   0x00000040   Zero   RW         3118    .bss                usbh_msc_bot.o
    0x2001c8fc   0x0000020a   Zero   RW         3166    .bss                usbh_msc_core.o
    0x2001cb06   0x00000002   PAD
    0x2001cb08   0x00000410   Zero   RW         3226    .bss                usbh_msc_scsi.o
    0x2001cf18   0x00000598   Zero   RW         3501    .bss                usbusr.o
    0x2001d4b0   0x00000060   Zero   RW         3683    .bss                c_w.l(libspace.o)
    0x2001d510   0x00000000   Zero   RW            2    HEAP                startup_stm32f40_41xxx.o
    0x2001d510   0x00000400   Zero   RW            1    STACK               startup_stm32f40_41xxx.o



  Load Region LR$$.ARM.__AT_0x10000000 (Base: 0x10000000, Size: 0x00000000, Max: 0x0000f000, ABSOLUTE)

    Execution Region ER$$.ARM.__AT_0x10000000 (Base: 0x10000000, Size: 0x0000f000, Max: 0x0000f000, ABSOLUTE, UNINIT)

    Base Addr    Size         Type   Attr      Idx    E Section Name        Object

    0x10000000   0x0000f000   Zero   RW         1047    .ARM.__AT_0x10000000  malloc.o



  Load Region LR$$.ARM.__AT_0x1000F000 (Base: 0x1000f000, Size: 0x00000000, Max: 0x00000f00, ABSOLUTE)

    Execution Region ER$$.ARM.__AT_0x1000F000 (Base: 0x1000f000, Size: 0x00000f00, Max: 0x00000f00, ABSOLUTE, UNINIT)

    Base Addr    Size         Type   Attr      Idx    E Section Name        Object

    0x1000f000   0x00000f00   Zero   RW         1048    .ARM.__AT_0x1000F000  malloc.o



  Load Region LR$$.ARM.__AT_0x68000000 (Base: 0x68000000, Size: 0x00000000, Max: 0x000f0000, ABSOLUTE)

    Execution Region ER$$.ARM.__AT_0x68000000 (Base: 0x68000000, Size: 0x000f0000, Max: 0x000f0000, ABSOLUTE, UNINIT)

    Base Addr    Size         Type   Attr      Idx    E Section Name        Object

    0x68000000   0x000f0000   Zero   RW         1049    .ARM.__AT_0x68000000  malloc.o



  Load Region LR$$.ARM.__AT_0x680F0000 (Base: 0x680f0000, Size: 0x00000000, Max: 0x0000f000, ABSOLUTE)

    Execution Region ER$$.ARM.__AT_0x680F0000 (Base: 0x680f0000, Size: 0x0000f000, Max: 0x0000f000, ABSOLUTE, UNINIT)

    Base Addr    Size         Type   Attr      Idx    E Section Name        Object

    0x680f0000   0x0000f000   Zero   RW         1050    .ARM.__AT_0x680F0000  malloc.o


==============================================================================

Image component sizes


      Code (inc. data)   RO Data    RW Data    ZI Data      Debug   Object Name

      1696         18          0          0          0       4397   bmp.o
       248         18          0          4          0     229931   delay.o
       646         18          0          2          0      17292   diskio.o
       408         22        180         20         80       3702   exfuns.o
      1804        760          0          0          0      13286   fattester.o
     11854        158         58          2         12      53089   ff.o
        68          4          0          0         33       2009   fontupd.o
      3738         26         40          1          0      14465   gif.o
     17266        202       6080          4         14      25138   ili93xx.o
        80         14          0          0          0        475   key.o
        64         16          0          0          0        475   led.o
       504         60         36         36    1218560       6270   malloc.o
       208         16        960          0          0       1899   mycc936.o
       740         70          0          0         60       8079   piclib.o
      7180        344          0         16        632      33475   sdio_sdcard.o
       268         22          0          0          0       1609   spi.o
        68         24        392          0       1024        864   startup_stm32f40_41xxx.o
       850         44          0          0          0       5362   sys.o
       948        288          0          0       1596     260978   test.o
       618         14          0          0          0       3271   text.o
      4776        128       1216         12          0      22309   tjpgd.o
       418         34          0          6        200       4188   usart.o
       154         12          0          0          0       3588   usb_bsp.o
      2996         18          0          0          0      38079   usb_core.o
       202          0          0          0          0       5219   usb_hcd.o
      3718         24          0          0          0      10619   usb_hcd_int.o
      1734         48          0         18          0       9257   usbh_core.o
       390          0          0          0          0       4664   usbh_hcs.o
       560          0          0          0          0       5594   usbh_ioreq.o
      1140        100          0         17         64       6961   usbh_msc_bot.o
      1484        528          0         29        522       6909   usbh_msc_core.o
      1360        130          0          1       1040       7440   usbh_msc_scsi.o
       942         14          0          3        512      10537   usbh_stdreq.o
      1328        674          0         76          0      13880   usbh_usr.o
      1866        376         34        100       1432       6248   usbusr.o
      3170       1350         40         28          0       7602   usmart.o
         0          0        817        468          0       1584   usmart_config.o
      1400         20          0          0          0       8681   usmart_str.o
       800         78          0          2       4096       6805   w25qxx.o

    ----------------------------------------------------------------------
     77756       5672       9892        860    1229908     866230   Object Totals
         0          0         32          0          0          0   (incl. Generated)
        62          0          7         15         31          0   (incl. Padding)

    ----------------------------------------------------------------------

      Code (inc. data)   RO Data    RW Data    ZI Data      Debug   Library Member Name

        90          0          0          0          0          0   __dczerorl2.o
         8          0          0          0          0         68   __main.o
       392          4         17          0          0         92   __printf_flags_ss_wp.o
        14          0          0          0          0         68   __printf_wp.o
        52          8          0          0          0          0   __scatter.o
        28          0          0          0          0          0   __scatter_zi.o
         6          0          0          0          0          0   _printf_c.o
        44          0          0          0          0        108   _printf_char.o
        48          6          0          0          0         96   _printf_char_common.o
        36          4          0          0          0         80   _printf_char_file.o
         6          0          0          0          0          0   _printf_d.o
       116         16          0          0          0         92   _printf_dec.o
        88          4         40          0          0         88   _printf_hex_int.o
       178          0          0          0          0         88   _printf_intcommon.o
        78          0          0          0          0        108   _printf_pad.o
         0          0          0          0          0          0   _printf_percent.o
         4          0          0          0          0          0   _printf_percent_end.o
         6          0          0          0          0          0   _printf_s.o
        82          0          0          0          0         80   _printf_str.o
         6          0          0          0          0          0   _printf_u.o
         6          0          0          0          0          0   _printf_x.o
        12          0          0          0          0         72   exit.o
         8          0          0          0          0         68   ferror.o
         6          0          0          0          0        152   heapauxi.o
         2          0          0          0          0          0   libinit.o
         6          0          0          0          0          0   libinit2.o
         2          0          0          0          0          0   libshutdown.o
         2          0          0          0          0          0   libshutdown2.o
         8          4          0          0         96         68   libspace.o
        72          0          0          0          0         76   llsdiv.o
       238          0          0          0          0        100   lludivv7m.o
        24          4          0          0          0         84   noretval__2printf.o
       138          0          0          0          0         68   rt_memcpy_v6.o
       100          0          0          0          0         80   rt_memcpy_w.o
         0          0          0          0          0          0   rtentry.o
        12          0          0          0          0          0   rtentry2.o
         6          0          0          0          0          0   rtentry4.o
         2          0          0          0          0          0   rtexit.o
        10          0          0          0          0          0   rtexit2.o
       128          0          0          0          0         68   strcmpv7m.o
        72          0          0          0          0         80   strcpy.o
        62          0          0          0          0         76   strlen.o
        74          0          0          0          0         80   sys_stackheap_outer.o
         2          0          0          0          0         68   use_no_semi.o
         2          0          0          0          0         68   use_no_semi_2.o
        10          0          0          0          0        116   fpinit.o

    ----------------------------------------------------------------------
      2292         50         60          0         96       2292   Library Totals
         6          0          3          0          0          0   (incl. Padding)

    ----------------------------------------------------------------------

      Code (inc. data)   RO Data    RW Data    ZI Data      Debug   Library Name

      2276         50         57          0         96       2176   c_w.l
        10          0          0          0          0        116   fz_wm.l

    ----------------------------------------------------------------------
      2292         50         60          0         96       2292   Library Totals

    ----------------------------------------------------------------------

==============================================================================


      Code (inc. data)   RO Data    RW Data    ZI Data      Debug   

     80048       5722       9952        860    1230004     830078   Grand Totals
     80048       5722       9952        404    1230004     830078   ELF Image Totals (compressed)
     80048       5722       9952        404          0          0   ROM Totals

==============================================================================

    Total RO  Size (Code + RO Data)                90000 (  87.89kB)
    Total RW  Size (RW Data + ZI Data)           1230864 (1202.02kB)
    Total ROM Size (Code + RO Data + RW Data)      90404 (  88.29kB)

==============================================================================

